#
# There is insufficient memory for the Java Runtime Environment to continue.
# Native memory allocation (malloc) failed to allocate 1160816 bytes. Error detail: Chunk::new
# Possible reasons:
#   The system is out of physical RAM or swap space
#   This process is running with CompressedOops enabled, and the Java Heap may be blocking the growth of the native heap
# Possible solutions:
#   Reduce memory load on the system
#   Increase physical memory or swap space
#   Check if swap backing store is full
#   Decrease Java heap size (-Xmx/-Xms)
#   Decrease number of Java threads
#   Decrease Java thread stack sizes (-Xss)
#   Set larger code cache with -XX:ReservedCodeCacheSize=
#   JVM is running with Unscaled Compressed Oops mode in which the Java heap is
#     placed in the first 4GB address space. The Java Heap base address is the
#     maximum limit for the native heap growth. Please use -XX:HeapBaseMinAddress
#     to set the Java Heap base and to place the Java Heap above 4GB virtual address.
# This output file may be truncated or incomplete.
#
#  Out of Memory Error (arena.cpp:168), pid=13832, tid=25936
#
# JRE version: OpenJDK Runtime Environment Temurin-21.0.8+9 (21.0.8+9) (build 21.0.8+9-LTS)
# Java VM: OpenJDK 64-Bit Server VM Temurin-21.0.8+9 (21.0.8+9-LTS, mixed mode, sharing, tiered, compressed oops, compressed class ptrs, g1 gc, windows-amd64)
# No core dump will be written. Minidumps are not enabled by default on client versions of Windows
#

---------------  S U M M A R Y ------------

Command Line: -javaagent:D:\Program Files\IntelliJ IDEA Community Edition 2025.2\lib\idea_rt.jar=63707 -Dfile.encoding=UTF-8 -Dsun.stdout.encoding=UTF-8 -Dsun.stderr.encoding=UTF-8 com.fitness.userservice.UserserviceApplication

Host: 12th Gen Intel(R) Core(TM) i5-1240P, 16 cores, 7G,  Windows 11 , 64 bit Build 26100 (10.0.26100.9168)
Time: Thu Aug 13 17:31:50 2026 India Standard Time elapsed time: 4255.676343 seconds (0d 1h 10m 55s)

---------------  T H R E A D  ---------------

Current thread (0x00000262418c69e0):  JavaThread "C2 CompilerThread0" daemon [_thread_in_native, id=25936, stack(0x000000d04a100000,0x000000d04a200000) (1024K)]


Current CompileTask:
C2:4255676 19647  s    4       java.util.jar.JarFile::getInputStream (88 bytes)

Stack: [0x000000d04a100000,0x000000d04a200000]
Native frames: (J=compiled Java code, j=interpreted, Vv=VM code, C=native code)
V  [jvm.dll+0x6d2449]
V  [jvm.dll+0x8ae341]
V  [jvm.dll+0x8b08be]
V  [jvm.dll+0x8b0fa3]
V  [jvm.dll+0x280c96]
V  [jvm.dll+0xc581d]
V  [jvm.dll+0xc5d53]
V  [jvm.dll+0x3b9162]
V  [jvm.dll+0x385315]
V  [jvm.dll+0x38477a]
V  [jvm.dll+0x248ed0]
V  [jvm.dll+0x2484af]
V  [jvm.dll+0x1c89ee]
V  [jvm.dll+0x257d4d]
V  [jvm.dll+0x2562ea]
V  [jvm.dll+0x3f2d16]
V  [jvm.dll+0x857e6b]
V  [jvm.dll+0x6d0b0d]
C  [ucrtbase.dll+0x2cd30]
C  [KERNEL32.DLL+0x2ccb7]
C  [ntdll.dll+0xaad6c]


---------------  P R O C E S S  ---------------

Threads class SMR info:
_java_thread_list=0x0000026289368320, length=37, elements={
0x000002624134f690, 0x00000262413500e0, 0x00000262413593b0, 0x000002624135af20,
0x000002624135c960, 0x000002624135cff0, 0x00000262418c69e0, 0x00000262418f18b0,
0x000002624135c2d0, 0x000002624135bc40, 0x000002624135d680, 0x000002628a45b300,
0x000002628a45b990, 0x000002628a45c6b0, 0x000002628a45d3d0, 0x000002628a45cd40,
0x000002628a45da60, 0x000002628a45a5e0, 0x000002628a4601c0, 0x000002628a460ee0,
0x000002628a45e780, 0x000002628c3c5f80, 0x000002628c3c7330, 0x000002628c3c3eb0,
0x000002628c3c79c0, 0x000002628c3c4540, 0x0000026289529140, 0x000002628c1cd200,
0x00000262895297d0, 0x0000026289528ab0, 0x000002628952e690, 0x000002628952f3b0,
0x0000026289534f90, 0x000002628c1d13a0, 0x000002628c1d3470, 0x000002628c1d4eb0,
0x000002628c1d5540
}

Java Threads: ( => current thread )
  0x000002624134f690 JavaThread "Reference Handler"          daemon [_thread_blocked, id=8800, stack(0x000000d049b00000,0x000000d049c00000) (1024K)]
  0x00000262413500e0 JavaThread "Finalizer"                  daemon [_thread_blocked, id=24440, stack(0x000000d049c00000,0x000000d049d00000) (1024K)]
  0x00000262413593b0 JavaThread "Signal Dispatcher"          daemon [_thread_blocked, id=17012, stack(0x000000d049d00000,0x000000d049e00000) (1024K)]
  0x000002624135af20 JavaThread "Attach Listener"            daemon [_thread_blocked, id=2932, stack(0x000000d049e00000,0x000000d049f00000) (1024K)]
  0x000002624135c960 JavaThread "Service Thread"             daemon [_thread_blocked, id=25884, stack(0x000000d049f00000,0x000000d04a000000) (1024K)]
  0x000002624135cff0 JavaThread "Monitor Deflation Thread"   daemon [_thread_blocked, id=25280, stack(0x000000d04a000000,0x000000d04a100000) (1024K)]
=>0x00000262418c69e0 JavaThread "C2 CompilerThread0"         daemon [_thread_in_native, id=25936, stack(0x000000d04a100000,0x000000d04a200000) (1024K)]
  0x00000262418f18b0 JavaThread "C1 CompilerThread0"         daemon [_thread_blocked, id=22800, stack(0x000000d04a200000,0x000000d04a300000) (1024K)]
  0x000002624135c2d0 JavaThread "Common-Cleaner"             daemon [_thread_blocked, id=22460, stack(0x000000d04a300000,0x000000d04a400000) (1024K)]
  0x000002624135bc40 JavaThread "Monitor Ctrl-Break"         daemon [_thread_in_native, id=5356, stack(0x000000d04a800000,0x000000d04a900000) (1024K)]
  0x000002624135d680 JavaThread "Notification Thread"        daemon [_thread_blocked, id=24692, stack(0x000000d04a900000,0x000000d04aa00000) (1024K)]
  0x000002628a45b300 JavaThread "Catalina-utility-1"                [_thread_blocked, id=24724, stack(0x000000d04a600000,0x000000d04a700000) (1024K)]
  0x000002628a45b990 JavaThread "Catalina-utility-2"                [_thread_blocked, id=4376, stack(0x000000d04b800000,0x000000d04b900000) (1024K)]
  0x000002628a45c6b0 JavaThread "container-0"                       [_thread_blocked, id=15760, stack(0x000000d04b900000,0x000000d04ba00000) (1024K)]
  0x000002628a45d3d0 JavaThread "PostgreSQL-JDBC-Cleaner"    daemon [_thread_blocked, id=25036, stack(0x000000d04ba00000,0x000000d04bb00000) (1024K)]
  0x000002628a45cd40 JavaThread "HikariPool-1:housekeeper"   daemon [_thread_blocked, id=21712, stack(0x000000d04bb00000,0x000000d04bc00000) (1024K)]
  0x000002628a45da60 JavaThread "spectator-gauge-polling-0"  daemon [_thread_blocked, id=24148, stack(0x000000d04be00000,0x000000d04bf00000) (1024K)]
  0x000002628a45a5e0 JavaThread "AsyncResolver-bootstrap-%d" daemon [_thread_blocked, id=6836, stack(0x000000d04bf00000,0x000000d04c000000) (1024K)]
  0x000002628a4601c0 JavaThread "DiscoveryClient-%d"         daemon [_thread_blocked, id=4508, stack(0x000000d04c000000,0x000000d04c100000) (1024K)]
  0x000002628a460ee0 JavaThread "DiscoveryClient-%d"         daemon [_thread_blocked, id=23560, stack(0x000000d04c100000,0x000000d04c200000) (1024K)]
  0x000002628a45e780 JavaThread "DiscoveryClient-InstanceInfoReplicator-%d" daemon [_thread_blocked, id=5412, stack(0x000000d04c200000,0x000000d04c300000) (1024K)]
  0x000002628c3c5f80 JavaThread "http-nio-8081-Poller"       daemon [_thread_in_native, id=7044, stack(0x000000d04cd00000,0x000000d04ce00000) (1024K)]
  0x000002628c3c7330 JavaThread "http-nio-8081-Acceptor"     daemon [_thread_in_native, id=13868, stack(0x000000d04ce00000,0x000000d04cf00000) (1024K)]
  0x000002628c3c3eb0 JavaThread "DestroyJavaVM"                     [_thread_blocked, id=26184, stack(0x000000d049300000,0x000000d049400000) (1024K)]
  0x000002628c3c79c0 JavaThread "DiscoveryClient-HeartbeatExecutor-%d" daemon [_thread_blocked, id=23392, stack(0x000000d04bc00000,0x000000d04bd00000) (1024K)]
  0x000002628c3c4540 JavaThread "DiscoveryClient-CacheRefreshExecutor-%d" daemon [_thread_blocked, id=23996, stack(0x000000d04cf00000,0x000000d04d000000) (1024K)]
  0x0000026289529140 JavaThread "AsyncResolver-bootstrap-executor-%d" daemon [_thread_blocked, id=17332, stack(0x000000d049200000,0x000000d049300000) (1024K)]
  0x000002628c1cd200 JavaThread "http-nio-8081-exec-327"     daemon [_thread_blocked, id=24632, stack(0x000000d04a500000,0x000000d04a600000) (1024K)]
  0x00000262895297d0 JavaThread "http-nio-8081-exec-341"     daemon [_thread_blocked, id=12888, stack(0x000000d049000000,0x000000d049100000) (1024K)]
  0x0000026289528ab0 JavaThread "http-nio-8081-exec-344"     daemon [_thread_blocked, id=2300, stack(0x000000d04c400000,0x000000d04c500000) (1024K)]
  0x000002628952e690 JavaThread "http-nio-8081-exec-351"     daemon [_thread_blocked, id=25300, stack(0x000000d04d100000,0x000000d04d200000) (1024K)]
  0x000002628952f3b0 JavaThread "http-nio-8081-exec-360"     daemon [_thread_blocked, id=2184, stack(0x000000d04db00000,0x000000d04dc00000) (1024K)]
  0x0000026289534f90 JavaThread "http-nio-8081-exec-365"     daemon [_thread_blocked, id=24556, stack(0x000000d04e000000,0x000000d04e100000) (1024K)]
  0x000002628c1d13a0 JavaThread "http-nio-8081-exec-375"     daemon [_thread_blocked, id=2812, stack(0x000000d04eb00000,0x000000d04ec00000) (1024K)]
  0x000002628c1d3470 JavaThread "http-nio-8081-exec-376"     daemon [_thread_blocked, id=19444, stack(0x000000d04ec00000,0x000000d04ed00000) (1024K)]
  0x000002628c1d4eb0 JavaThread "http-nio-8081-exec-379"     daemon [_thread_blocked, id=2628, stack(0x000000d04ef00000,0x000000d04f000000) (1024K)]
  0x000002628c1d5540 JavaThread "http-nio-8081-exec-380"     daemon [_thread_blocked, id=25876, stack(0x000000d04f100000,0x000000d04f200000) (1024K)]
Total: 37

Other Threads:
  0x0000026241333c50 VMThread "VM Thread"                           [id=18380, stack(0x000000d049a00000,0x000000d049b00000) (1024K)]
  0x0000026241320cf0 WatcherThread "VM Periodic Task Thread"        [id=2312, stack(0x000000d049900000,0x000000d049a00000) (1024K)]
  0x00000262243257b0 WorkerThread "GC Thread#0"                     [id=26368, stack(0x000000d049400000,0x000000d049500000) (1024K)]
  0x0000026287821780 WorkerThread "GC Thread#1"                     [id=4196, stack(0x000000d04aa00000,0x000000d04ab00000) (1024K)]
  0x00000262876eacb0 WorkerThread "GC Thread#2"                     [id=3640, stack(0x000000d04ab00000,0x000000d04ac00000) (1024K)]
  0x000002628767d420 WorkerThread "GC Thread#3"                     [id=11716, stack(0x000000d04ac00000,0x000000d04ad00000) (1024K)]
  0x000002628767d7c0 WorkerThread "GC Thread#4"                     [id=11676, stack(0x000000d04ad00000,0x000000d04ae00000) (1024K)]
  0x0000026287a16570 WorkerThread "GC Thread#5"                     [id=12740, stack(0x000000d04ae00000,0x000000d04af00000) (1024K)]
  0x0000026287a16910 WorkerThread "GC Thread#6"                     [id=17576, stack(0x000000d04af00000,0x000000d04b000000) (1024K)]
  0x0000026287a161d0 WorkerThread "GC Thread#7"                     [id=5520, stack(0x000000d04a700000,0x000000d04a800000) (1024K)]
  0x0000026287a14fb0 WorkerThread "GC Thread#8"                     [id=25992, stack(0x000000d04b100000,0x000000d04b200000) (1024K)]
  0x0000026287a15350 WorkerThread "GC Thread#9"                     [id=3264, stack(0x000000d04b200000,0x000000d04b300000) (1024K)]
  0x0000026287a156f0 WorkerThread "GC Thread#10"                    [id=25672, stack(0x000000d04b300000,0x000000d04b400000) (1024K)]
  0x0000026287a15a90 WorkerThread "GC Thread#11"                    [id=25816, stack(0x000000d04b400000,0x000000d04b500000) (1024K)]
  0x0000026288e61f90 WorkerThread "GC Thread#12"                    [id=23600, stack(0x000000d04b500000,0x000000d04b600000) (1024K)]
  0x0000026224353260 ConcurrentGCThread "G1 Main Marker"            [id=5376, stack(0x000000d049500000,0x000000d049600000) (1024K)]
  0x0000026224354570 WorkerThread "G1 Conc#0"                       [id=3604, stack(0x000000d049600000,0x000000d049700000) (1024K)]
  0x0000026288e64eb0 WorkerThread "G1 Conc#1"                       [id=10996, stack(0x000000d04b600000,0x000000d04b700000) (1024K)]
  0x0000026288e64770 WorkerThread "G1 Conc#2"                       [id=19316, stack(0x000000d04b700000,0x000000d04b800000) (1024K)]
  0x00000262411ecbd0 ConcurrentGCThread "G1 Refine#0"               [id=2256, stack(0x000000d049700000,0x000000d049800000) (1024K)]
  0x00000262411f0410 ConcurrentGCThread "G1 Service"                [id=24796, stack(0x000000d049800000,0x000000d049900000) (1024K)]
Total: 21

Threads with active compile tasks:
C2 CompilerThread0  4256144 19647  s    4       java.util.jar.JarFile::getInputStream (88 bytes)
Total: 1

VM state: not at safepoint (normal execution)

VM Mutex/Monitor currently owned by a thread: None

Heap address: 0x0000000085200000, size: 1966 MB, Compressed Oops mode: 32-bit

CDS archive(s) mapped at: [0x0000026242000000-0x0000026242c80000-0x0000026242c80000), size 13107200, SharedBaseAddress: 0x0000026242000000, ArchiveRelocationMode: 1.
Compressed class space mapped at: 0x0000026243000000-0x0000026283000000, reserved size: 1073741824
Narrow klass base: 0x0000026242000000, Narrow klass shift: 0, Narrow klass range: 0x100000000

GC Precious Log:
 CardTable entry size: 512
 Card Set container configuration: InlinePtr #cards 5 size 8 Array Of Cards #cards 12 size 40 Howl #buckets 4 coarsen threshold 1843 Howl Bitmap #cards 512 size 80 coarsen threshold 460 Card regions per heap region 1 cards per card region 2048
 CPUs: 16 total, 16 available
 Memory: 7860M
 Large Page Support: Disabled
 NUMA Support: Disabled
 Compressed Oops: Enabled (32-bit)
 Heap Region Size: 1M
 Heap Min Capacity: 8M
 Heap Initial Capacity: 124M
 Heap Max Capacity: 1966M
 Pre-touch: Disabled
 Parallel Workers: 13
 Concurrent Workers: 3
 Concurrent Refinement Workers: 13
 Periodic GC: Disabled

Heap:
 garbage-first heap   total 235520K, used 95531K [0x0000000085200000, 0x0000000100000000)
  region size 1024K, 28 young (28672K), 2 survivors (2048K)
 Metaspace       used 111511K, committed 112512K, reserved 1179648K
  class space    used 18563K, committed 19072K, reserved 1048576K

Heap Regions: E=young(eden), S=young(survivor), O=old, HS=humongous(starts), HC=humongous(continues), CS=collection set, F=free, TAMS=top-at-mark-start, PB=parsable bottom
|   0|0x0000000085200000, 0x0000000085300000, 0x0000000085300000|100%|HS|  |TAMS 0x0000000085200000| PB 0x0000000085200000| Complete 
|   1|0x0000000085300000, 0x0000000085400000, 0x0000000085400000|100%|HS|  |TAMS 0x0000000085300000| PB 0x0000000085300000| Complete 
|   2|0x0000000085400000, 0x0000000085500000, 0x0000000085500000|100%|HS|  |TAMS 0x0000000085400000| PB 0x0000000085400000| Complete 
|   3|0x0000000085500000, 0x0000000085600000, 0x0000000085600000|100%| O|  |TAMS 0x0000000085500000| PB 0x0000000085500000| Untracked 
|   4|0x0000000085600000, 0x0000000085700000, 0x0000000085700000|100%| O|  |TAMS 0x0000000085600000| PB 0x0000000085600000| Untracked 
|   5|0x0000000085700000, 0x0000000085800000, 0x0000000085800000|100%| O|  |TAMS 0x0000000085700000| PB 0x0000000085700000| Untracked 
|   6|0x0000000085800000, 0x0000000085900000, 0x0000000085900000|100%| O|  |TAMS 0x0000000085800000| PB 0x0000000085800000| Untracked 
|   7|0x0000000085900000, 0x0000000085a00000, 0x0000000085a00000|100%| O|  |TAMS 0x0000000085900000| PB 0x0000000085900000| Untracked 
|   8|0x0000000085a00000, 0x0000000085b00000, 0x0000000085b00000|100%| O|  |TAMS 0x0000000085a00000| PB 0x0000000085a00000| Untracked 
|   9|0x0000000085b00000, 0x0000000085c00000, 0x0000000085c00000|100%| O|  |TAMS 0x0000000085b00000| PB 0x0000000085b00000| Untracked 
|  10|0x0000000085c00000, 0x0000000085d00000, 0x0000000085d00000|100%| O|  |TAMS 0x0000000085c00000| PB 0x0000000085c00000| Untracked 
|  11|0x0000000085d00000, 0x0000000085e00000, 0x0000000085e00000|100%| O|  |TAMS 0x0000000085d00000| PB 0x0000000085d00000| Untracked 
|  12|0x0000000085e00000, 0x0000000085f00000, 0x0000000085f00000|100%| O|  |TAMS 0x0000000085e00000| PB 0x0000000085e00000| Untracked 
|  13|0x0000000085f00000, 0x0000000086000000, 0x0000000086000000|100%| O|  |TAMS 0x0000000085f00000| PB 0x0000000085f00000| Untracked 
|  14|0x0000000086000000, 0x0000000086100000, 0x0000000086100000|100%| O|  |TAMS 0x0000000086000000| PB 0x0000000086000000| Untracked 
|  15|0x0000000086100000, 0x0000000086200000, 0x0000000086200000|100%| O|  |TAMS 0x0000000086100000| PB 0x0000000086100000| Untracked 
|  16|0x0000000086200000, 0x00000000862fa730, 0x0000000086300000| 97%| O|  |TAMS 0x0000000086200000| PB 0x0000000086200000| Untracked 
|  17|0x0000000086300000, 0x0000000086400000, 0x0000000086400000|100%| O|  |TAMS 0x0000000086300000| PB 0x0000000086300000| Untracked 
|  18|0x0000000086400000, 0x0000000086500000, 0x0000000086500000|100%| O|  |TAMS 0x0000000086400000| PB 0x0000000086400000| Untracked 
|  19|0x0000000086500000, 0x0000000086600000, 0x0000000086600000|100%| O|  |TAMS 0x0000000086500000| PB 0x0000000086500000| Untracked 
|  20|0x0000000086600000, 0x0000000086625d70, 0x0000000086700000| 14%| O|  |TAMS 0x0000000086600000| PB 0x0000000086600000| Untracked 
|  21|0x0000000086700000, 0x0000000086800000, 0x0000000086800000|100%| O|  |TAMS 0x0000000086700000| PB 0x0000000086700000| Untracked 
|  22|0x0000000086800000, 0x0000000086900000, 0x0000000086900000|100%| O|  |TAMS 0x0000000086800000| PB 0x0000000086800000| Untracked 
|  23|0x0000000086900000, 0x0000000086900000, 0x0000000086a00000|  0%| F|  |TAMS 0x0000000086900000| PB 0x0000000086900000| Untracked 
|  24|0x0000000086a00000, 0x0000000086b00000, 0x0000000086b00000|100%| O|  |TAMS 0x0000000086a00000| PB 0x0000000086a00000| Untracked 
|  25|0x0000000086b00000, 0x0000000086c00000, 0x0000000086c00000|100%| O|  |TAMS 0x0000000086b00000| PB 0x0000000086b00000| Untracked 
|  26|0x0000000086c00000, 0x0000000086d00000, 0x0000000086d00000|100%| O|  |TAMS 0x0000000086c00000| PB 0x0000000086c00000| Untracked 
|  27|0x0000000086d00000, 0x0000000086e00000, 0x0000000086e00000|100%| O|  |TAMS 0x0000000086d00000| PB 0x0000000086d00000| Untracked 
|  28|0x0000000086e00000, 0x0000000086e00000, 0x0000000086f00000|  0%| F|  |TAMS 0x0000000086e00000| PB 0x0000000086e00000| Untracked 
|  29|0x0000000086f00000, 0x0000000087000000, 0x0000000087000000|100%| O|Cm|TAMS 0x0000000086f00000| PB 0x0000000086f00000| Complete 
|  30|0x0000000087000000, 0x0000000087100000, 0x0000000087100000|100%| O|  |TAMS 0x0000000087000000| PB 0x0000000087000000| Untracked 
|  31|0x0000000087100000, 0x0000000087200000, 0x0000000087200000|100%| O|  |TAMS 0x0000000087100000| PB 0x0000000087100000| Untracked 
|  32|0x0000000087200000, 0x0000000087300000, 0x0000000087300000|100%| O|  |TAMS 0x0000000087200000| PB 0x0000000087200000| Untracked 
|  33|0x0000000087300000, 0x0000000087400000, 0x0000000087400000|100%| O|  |TAMS 0x0000000087300000| PB 0x0000000087300000| Untracked 
|  34|0x0000000087400000, 0x0000000087500000, 0x0000000087500000|100%| O|Cm|TAMS 0x0000000087400000| PB 0x0000000087400000| Complete 
|  35|0x0000000087500000, 0x0000000087500000, 0x0000000087600000|  0%| F|  |TAMS 0x0000000087500000| PB 0x0000000087500000| Untracked 
|  36|0x0000000087600000, 0x0000000087700000, 0x0000000087700000|100%| O|  |TAMS 0x0000000087600000| PB 0x0000000087600000| Untracked 
|  37|0x0000000087700000, 0x0000000087800000, 0x0000000087800000|100%| O|  |TAMS 0x0000000087700000| PB 0x0000000087700000| Untracked 
|  38|0x0000000087800000, 0x0000000087900000, 0x0000000087900000|100%| O|  |TAMS 0x0000000087800000| PB 0x0000000087800000| Untracked 
|  39|0x0000000087900000, 0x0000000087a00000, 0x0000000087a00000|100%| O|  |TAMS 0x0000000087900000| PB 0x0000000087900000| Untracked 
|  40|0x0000000087a00000, 0x0000000087b00000, 0x0000000087b00000|100%| O|  |TAMS 0x0000000087a00000| PB 0x0000000087a00000| Untracked 
|  41|0x0000000087b00000, 0x0000000087c00000, 0x0000000087c00000|100%| O|  |TAMS 0x0000000087b00000| PB 0x0000000087b00000| Untracked 
|  42|0x0000000087c00000, 0x0000000087d00000, 0x0000000087d00000|100%| O|  |TAMS 0x0000000087c00000| PB 0x0000000087c00000| Untracked 
|  43|0x0000000087d00000, 0x0000000087e00000, 0x0000000087e00000|100%| O|  |TAMS 0x0000000087d00000| PB 0x0000000087d00000| Untracked 
|  44|0x0000000087e00000, 0x0000000087f00000, 0x0000000087f00000|100%| O|  |TAMS 0x0000000087e00000| PB 0x0000000087e00000| Untracked 
|  45|0x0000000087f00000, 0x0000000087f00000, 0x0000000088000000|  0%| F|  |TAMS 0x0000000087f00000| PB 0x0000000087f00000| Untracked 
|  46|0x0000000088000000, 0x0000000088100000, 0x0000000088100000|100%| O|  |TAMS 0x0000000088000000| PB 0x0000000088000000| Untracked 
|  47|0x0000000088100000, 0x0000000088200000, 0x0000000088200000|100%| O|  |TAMS 0x0000000088100000| PB 0x0000000088100000| Untracked 
|  48|0x0000000088200000, 0x0000000088300000, 0x0000000088300000|100%| O|  |TAMS 0x0000000088200000| PB 0x0000000088200000| Untracked 
|  49|0x0000000088300000, 0x0000000088400000, 0x0000000088400000|100%| O|  |TAMS 0x0000000088300000| PB 0x0000000088300000| Untracked 
|  50|0x0000000088400000, 0x0000000088500000, 0x0000000088500000|100%| O|  |TAMS 0x0000000088400000| PB 0x0000000088400000| Untracked 
|  51|0x0000000088500000, 0x0000000088600000, 0x0000000088600000|100%| O|  |TAMS 0x0000000088500000| PB 0x0000000088500000| Untracked 
|  52|0x0000000088600000, 0x0000000088700000, 0x0000000088700000|100%| O|  |TAMS 0x0000000088600000| PB 0x0000000088600000| Untracked 
|  53|0x0000000088700000, 0x0000000088800000, 0x0000000088800000|100%| O|  |TAMS 0x0000000088700000| PB 0x0000000088700000| Untracked 
|  54|0x0000000088800000, 0x0000000088900000, 0x0000000088900000|100%| O|  |TAMS 0x0000000088800000| PB 0x0000000088800000| Untracked 
|  55|0x0000000088900000, 0x0000000088a00000, 0x0000000088a00000|100%| O|  |TAMS 0x0000000088900000| PB 0x0000000088900000| Untracked 
|  56|0x0000000088a00000, 0x0000000088b00000, 0x0000000088b00000|100%| O|  |TAMS 0x0000000088a00000| PB 0x0000000088a00000| Untracked 
|  57|0x0000000088b00000, 0x0000000088c00000, 0x0000000088c00000|100%| O|  |TAMS 0x0000000088b00000| PB 0x0000000088b00000| Untracked 
|  58|0x0000000088c00000, 0x0000000088d00000, 0x0000000088d00000|100%| O|  |TAMS 0x0000000088c00000| PB 0x0000000088c00000| Untracked 
|  59|0x0000000088d00000, 0x0000000088e00000, 0x0000000088e00000|100%| O|  |TAMS 0x0000000088d00000| PB 0x0000000088d00000| Untracked 
|  60|0x0000000088e00000, 0x0000000088f00000, 0x0000000088f00000|100%| O|  |TAMS 0x0000000088e00000| PB 0x0000000088e00000| Untracked 
|  61|0x0000000088f00000, 0x0000000089000000, 0x0000000089000000|100%| O|  |TAMS 0x0000000088f00000| PB 0x0000000088f00000| Untracked 
|  62|0x0000000089000000, 0x0000000089100000, 0x0000000089100000|100%| O|  |TAMS 0x0000000089000000| PB 0x0000000089000000| Untracked 
|  63|0x0000000089100000, 0x0000000089200000, 0x0000000089200000|100%| O|  |TAMS 0x0000000089100000| PB 0x0000000089100000| Untracked 
|  64|0x0000000089200000, 0x0000000089300000, 0x0000000089300000|100%| O|  |TAMS 0x0000000089200000| PB 0x0000000089200000| Untracked 
|  65|0x0000000089300000, 0x00000000893c8a50, 0x0000000089400000| 78%| O|Cm|TAMS 0x0000000089300000| PB 0x0000000089300000| Complete 
|  66|0x0000000089400000, 0x0000000089400000, 0x0000000089500000|  0%| F|  |TAMS 0x0000000089400000| PB 0x0000000089400000| Untracked 
|  67|0x0000000089500000, 0x0000000089600000, 0x0000000089600000|100%| O|Cm|TAMS 0x0000000089500000| PB 0x0000000089500000| Complete 
|  68|0x0000000089600000, 0x0000000089700000, 0x0000000089700000|100%| O|  |TAMS 0x0000000089600000| PB 0x0000000089600000| Untracked 
|  69|0x0000000089700000, 0x0000000089700000, 0x0000000089800000|  0%| F|  |TAMS 0x0000000089700000| PB 0x0000000089700000| Untracked 
|  70|0x0000000089800000, 0x0000000089800000, 0x0000000089900000|  0%| F|  |TAMS 0x0000000089800000| PB 0x0000000089800000| Untracked 
|  71|0x0000000089900000, 0x0000000089900000, 0x0000000089a00000|  0%| F|  |TAMS 0x0000000089900000| PB 0x0000000089900000| Untracked 
|  72|0x0000000089a00000, 0x0000000089a00000, 0x0000000089b00000|  0%| F|  |TAMS 0x0000000089a00000| PB 0x0000000089a00000| Untracked 
|  73|0x0000000089b00000, 0x0000000089b00000, 0x0000000089c00000|  0%| F|  |TAMS 0x0000000089b00000| PB 0x0000000089b00000| Untracked 
|  74|0x0000000089c00000, 0x0000000089c00000, 0x0000000089d00000|  0%| F|  |TAMS 0x0000000089c00000| PB 0x0000000089c00000| Untracked 
|  75|0x0000000089d00000, 0x0000000089d00000, 0x0000000089e00000|  0%| F|  |TAMS 0x0000000089d00000| PB 0x0000000089d00000| Untracked 
|  76|0x0000000089e00000, 0x0000000089e00000, 0x0000000089f00000|  0%| F|  |TAMS 0x0000000089e00000| PB 0x0000000089e00000| Untracked 
|  77|0x0000000089f00000, 0x0000000089f00000, 0x000000008a000000|  0%| F|  |TAMS 0x0000000089f00000| PB 0x0000000089f00000| Untracked 
|  78|0x000000008a000000, 0x000000008a000000, 0x000000008a100000|  0%| F|  |TAMS 0x000000008a000000| PB 0x000000008a000000| Untracked 
|  79|0x000000008a100000, 0x000000008a100000, 0x000000008a200000|  0%| F|  |TAMS 0x000000008a100000| PB 0x000000008a100000| Untracked 
|  80|0x000000008a200000, 0x000000008a300000, 0x000000008a300000|100%| O|Cm|TAMS 0x000000008a200000| PB 0x000000008a200000| Complete 
|  81|0x000000008a300000, 0x000000008a300000, 0x000000008a400000|  0%| F|  |TAMS 0x000000008a300000| PB 0x000000008a300000| Untracked 
|  82|0x000000008a400000, 0x000000008a400000, 0x000000008a500000|  0%| F|  |TAMS 0x000000008a400000| PB 0x000000008a400000| Untracked 
|  83|0x000000008a500000, 0x000000008a500000, 0x000000008a600000|  0%| F|  |TAMS 0x000000008a500000| PB 0x000000008a500000| Untracked 
|  84|0x000000008a600000, 0x000000008a600000, 0x000000008a700000|  0%| F|  |TAMS 0x000000008a600000| PB 0x000000008a600000| Untracked 
|  85|0x000000008a700000, 0x000000008a700000, 0x000000008a800000|  0%| F|  |TAMS 0x000000008a700000| PB 0x000000008a700000| Untracked 
|  86|0x000000008a800000, 0x000000008a800000, 0x000000008a900000|  0%| F|  |TAMS 0x000000008a800000| PB 0x000000008a800000| Untracked 
|  87|0x000000008a900000, 0x000000008a961da0, 0x000000008aa00000| 38%| S|CS|TAMS 0x000000008a900000| PB 0x000000008a900000| Complete 
|  88|0x000000008aa00000, 0x000000008ab00000, 0x000000008ab00000|100%| S|CS|TAMS 0x000000008aa00000| PB 0x000000008aa00000| Complete 
|  89|0x000000008ab00000, 0x000000008ab00000, 0x000000008ac00000|  0%| F|  |TAMS 0x000000008ab00000| PB 0x000000008ab00000| Untracked 
|  90|0x000000008ac00000, 0x000000008ac00000, 0x000000008ad00000|  0%| F|  |TAMS 0x000000008ac00000| PB 0x000000008ac00000| Untracked 
|  91|0x000000008ad00000, 0x000000008ad00000, 0x000000008ae00000|  0%| F|  |TAMS 0x000000008ad00000| PB 0x000000008ad00000| Untracked 
|  92|0x000000008ae00000, 0x000000008ae00000, 0x000000008af00000|  0%| F|  |TAMS 0x000000008ae00000| PB 0x000000008ae00000| Untracked 
|  93|0x000000008af00000, 0x000000008af00000, 0x000000008b000000|  0%| F|  |TAMS 0x000000008af00000| PB 0x000000008af00000| Untracked 
|  94|0x000000008b000000, 0x000000008b000000, 0x000000008b100000|  0%| F|  |TAMS 0x000000008b000000| PB 0x000000008b000000| Untracked 
|  95|0x000000008b100000, 0x000000008b100000, 0x000000008b200000|  0%| F|  |TAMS 0x000000008b100000| PB 0x000000008b100000| Untracked 
|  96|0x000000008b200000, 0x000000008b200000, 0x000000008b300000|  0%| F|  |TAMS 0x000000008b200000| PB 0x000000008b200000| Untracked 
|  97|0x000000008b300000, 0x000000008b300000, 0x000000008b400000|  0%| F|  |TAMS 0x000000008b300000| PB 0x000000008b300000| Untracked 
|  98|0x000000008b400000, 0x000000008b400000, 0x000000008b500000|  0%| F|  |TAMS 0x000000008b400000| PB 0x000000008b400000| Untracked 
|  99|0x000000008b500000, 0x000000008b500000, 0x000000008b600000|  0%| F|  |TAMS 0x000000008b500000| PB 0x000000008b500000| Untracked 
| 100|0x000000008b600000, 0x000000008b600000, 0x000000008b700000|  0%| F|  |TAMS 0x000000008b600000| PB 0x000000008b600000| Untracked 
| 101|0x000000008b700000, 0x000000008b700000, 0x000000008b800000|  0%| F|  |TAMS 0x000000008b700000| PB 0x000000008b700000| Untracked 
| 102|0x000000008b800000, 0x000000008b800000, 0x000000008b900000|  0%| F|  |TAMS 0x000000008b800000| PB 0x000000008b800000| Untracked 
| 103|0x000000008b900000, 0x000000008b900000, 0x000000008ba00000|  0%| F|  |TAMS 0x000000008b900000| PB 0x000000008b900000| Untracked 
| 104|0x000000008ba00000, 0x000000008ba00000, 0x000000008bb00000|  0%| F|  |TAMS 0x000000008ba00000| PB 0x000000008ba00000| Untracked 
| 105|0x000000008bb00000, 0x000000008bb00000, 0x000000008bc00000|  0%| F|  |TAMS 0x000000008bb00000| PB 0x000000008bb00000| Untracked 
| 106|0x000000008bc00000, 0x000000008bc00000, 0x000000008bd00000|  0%| F|  |TAMS 0x000000008bc00000| PB 0x000000008bc00000| Untracked 
| 107|0x000000008bd00000, 0x000000008bd00000, 0x000000008be00000|  0%| F|  |TAMS 0x000000008bd00000| PB 0x000000008bd00000| Untracked 
| 108|0x000000008be00000, 0x000000008be00000, 0x000000008bf00000|  0%| F|  |TAMS 0x000000008be00000| PB 0x000000008be00000| Untracked 
| 109|0x000000008bf00000, 0x000000008bf00000, 0x000000008c000000|  0%| F|  |TAMS 0x000000008bf00000| PB 0x000000008bf00000| Untracked 
| 110|0x000000008c000000, 0x000000008c000000, 0x000000008c100000|  0%| F|  |TAMS 0x000000008c000000| PB 0x000000008c000000| Untracked 
| 111|0x000000008c100000, 0x000000008c100000, 0x000000008c200000|  0%| F|  |TAMS 0x000000008c100000| PB 0x000000008c100000| Untracked 
| 112|0x000000008c200000, 0x000000008c200000, 0x000000008c300000|  0%| F|  |TAMS 0x000000008c200000| PB 0x000000008c200000| Untracked 
| 113|0x000000008c300000, 0x000000008c300000, 0x000000008c400000|  0%| F|  |TAMS 0x000000008c300000| PB 0x000000008c300000| Untracked 
| 114|0x000000008c400000, 0x000000008c400000, 0x000000008c500000|  0%| F|  |TAMS 0x000000008c400000| PB 0x000000008c400000| Untracked 
| 115|0x000000008c500000, 0x000000008c500000, 0x000000008c600000|  0%| F|  |TAMS 0x000000008c500000| PB 0x000000008c500000| Untracked 
| 116|0x000000008c600000, 0x000000008c600000, 0x000000008c700000|  0%| F|  |TAMS 0x000000008c600000| PB 0x000000008c600000| Untracked 
| 117|0x000000008c700000, 0x000000008c700000, 0x000000008c800000|  0%| F|  |TAMS 0x000000008c700000| PB 0x000000008c700000| Untracked 
| 118|0x000000008c800000, 0x000000008c800000, 0x000000008c900000|  0%| F|  |TAMS 0x000000008c800000| PB 0x000000008c800000| Untracked 
| 119|0x000000008c900000, 0x000000008c900000, 0x000000008ca00000|  0%| F|  |TAMS 0x000000008c900000| PB 0x000000008c900000| Untracked 
| 120|0x000000008ca00000, 0x000000008ca00000, 0x000000008cb00000|  0%| F|  |TAMS 0x000000008ca00000| PB 0x000000008ca00000| Untracked 
| 121|0x000000008cb00000, 0x000000008cb00000, 0x000000008cc00000|  0%| F|  |TAMS 0x000000008cb00000| PB 0x000000008cb00000| Untracked 
| 122|0x000000008cc00000, 0x000000008cc00000, 0x000000008cd00000|  0%| F|  |TAMS 0x000000008cc00000| PB 0x000000008cc00000| Untracked 
| 123|0x000000008cd00000, 0x000000008cd00000, 0x000000008ce00000|  0%| F|  |TAMS 0x000000008cd00000| PB 0x000000008cd00000| Untracked 
| 124|0x000000008ce00000, 0x000000008ce00000, 0x000000008cf00000|  0%| F|  |TAMS 0x000000008ce00000| PB 0x000000008ce00000| Untracked 
| 125|0x000000008cf00000, 0x000000008cf00000, 0x000000008d000000|  0%| F|  |TAMS 0x000000008cf00000| PB 0x000000008cf00000| Untracked 
| 126|0x000000008d000000, 0x000000008d000000, 0x000000008d100000|  0%| F|  |TAMS 0x000000008d000000| PB 0x000000008d000000| Untracked 
| 127|0x000000008d100000, 0x000000008d100000, 0x000000008d200000|  0%| F|  |TAMS 0x000000008d100000| PB 0x000000008d100000| Untracked 
| 128|0x000000008d200000, 0x000000008d200000, 0x000000008d300000|  0%| F|  |TAMS 0x000000008d200000| PB 0x000000008d200000| Untracked 
| 129|0x000000008d300000, 0x000000008d300000, 0x000000008d400000|  0%| F|  |TAMS 0x000000008d300000| PB 0x000000008d300000| Untracked 
| 130|0x000000008d400000, 0x000000008d400000, 0x000000008d500000|  0%| F|  |TAMS 0x000000008d400000| PB 0x000000008d400000| Untracked 
| 131|0x000000008d500000, 0x000000008d500000, 0x000000008d600000|  0%| F|  |TAMS 0x000000008d500000| PB 0x000000008d500000| Untracked 
| 132|0x000000008d600000, 0x000000008d600000, 0x000000008d700000|  0%| F|  |TAMS 0x000000008d600000| PB 0x000000008d600000| Untracked 
| 133|0x000000008d700000, 0x000000008d700000, 0x000000008d800000|  0%| F|  |TAMS 0x000000008d700000| PB 0x000000008d700000| Untracked 
| 134|0x000000008d800000, 0x000000008d800000, 0x000000008d900000|  0%| F|  |TAMS 0x000000008d800000| PB 0x000000008d800000| Untracked 
| 135|0x000000008d900000, 0x000000008d900000, 0x000000008da00000|  0%| F|  |TAMS 0x000000008d900000| PB 0x000000008d900000| Untracked 
| 136|0x000000008da00000, 0x000000008da00000, 0x000000008db00000|  0%| F|  |TAMS 0x000000008da00000| PB 0x000000008da00000| Untracked 
| 137|0x000000008db00000, 0x000000008db00000, 0x000000008dc00000|  0%| F|  |TAMS 0x000000008db00000| PB 0x000000008db00000| Untracked 
| 138|0x000000008dc00000, 0x000000008dc00000, 0x000000008dd00000|  0%| F|  |TAMS 0x000000008dc00000| PB 0x000000008dc00000| Untracked 
| 139|0x000000008dd00000, 0x000000008dd00000, 0x000000008de00000|  0%| F|  |TAMS 0x000000008dd00000| PB 0x000000008dd00000| Untracked 
| 140|0x000000008de00000, 0x000000008de00000, 0x000000008df00000|  0%| F|  |TAMS 0x000000008de00000| PB 0x000000008de00000| Untracked 
| 141|0x000000008df00000, 0x000000008df00000, 0x000000008e000000|  0%| F|  |TAMS 0x000000008df00000| PB 0x000000008df00000| Untracked 
| 142|0x000000008e000000, 0x000000008e000000, 0x000000008e100000|  0%| F|  |TAMS 0x000000008e000000| PB 0x000000008e000000| Untracked 
| 143|0x000000008e100000, 0x000000008e100000, 0x000000008e200000|  0%| F|  |TAMS 0x000000008e100000| PB 0x000000008e100000| Untracked 
| 144|0x000000008e200000, 0x000000008e200000, 0x000000008e300000|  0%| F|  |TAMS 0x000000008e200000| PB 0x000000008e200000| Untracked 
| 145|0x000000008e300000, 0x000000008e300000, 0x000000008e400000|  0%| F|  |TAMS 0x000000008e300000| PB 0x000000008e300000| Untracked 
| 146|0x000000008e400000, 0x000000008e400000, 0x000000008e500000|  0%| F|  |TAMS 0x000000008e400000| PB 0x000000008e400000| Untracked 
| 147|0x000000008e500000, 0x000000008e500000, 0x000000008e600000|  0%| F|  |TAMS 0x000000008e500000| PB 0x000000008e500000| Untracked 
| 148|0x000000008e600000, 0x000000008e600000, 0x000000008e700000|  0%| F|  |TAMS 0x000000008e600000| PB 0x000000008e600000| Untracked 
| 149|0x000000008e700000, 0x000000008e700000, 0x000000008e800000|  0%| F|  |TAMS 0x000000008e700000| PB 0x000000008e700000| Untracked 
| 150|0x000000008e800000, 0x000000008e800000, 0x000000008e900000|  0%| F|  |TAMS 0x000000008e800000| PB 0x000000008e800000| Untracked 
| 151|0x000000008e900000, 0x000000008e900000, 0x000000008ea00000|  0%| F|  |TAMS 0x000000008e900000| PB 0x000000008e900000| Untracked 
| 152|0x000000008ea00000, 0x000000008ea00000, 0x000000008eb00000|  0%| F|  |TAMS 0x000000008ea00000| PB 0x000000008ea00000| Untracked 
| 153|0x000000008eb00000, 0x000000008eb00000, 0x000000008ec00000|  0%| F|  |TAMS 0x000000008eb00000| PB 0x000000008eb00000| Untracked 
| 154|0x000000008ec00000, 0x000000008ec00000, 0x000000008ed00000|  0%| F|  |TAMS 0x000000008ec00000| PB 0x000000008ec00000| Untracked 
| 155|0x000000008ed00000, 0x000000008ed00000, 0x000000008ee00000|  0%| F|  |TAMS 0x000000008ed00000| PB 0x000000008ed00000| Untracked 
| 156|0x000000008ee00000, 0x000000008ee00000, 0x000000008ef00000|  0%| F|  |TAMS 0x000000008ee00000| PB 0x000000008ee00000| Untracked 
| 157|0x000000008ef00000, 0x000000008ef00000, 0x000000008f000000|  0%| F|  |TAMS 0x000000008ef00000| PB 0x000000008ef00000| Untracked 
| 158|0x000000008f000000, 0x000000008f000000, 0x000000008f100000|  0%| F|  |TAMS 0x000000008f000000| PB 0x000000008f000000| Untracked 
| 159|0x000000008f100000, 0x000000008f100000, 0x000000008f200000|  0%| F|  |TAMS 0x000000008f100000| PB 0x000000008f100000| Untracked 
| 160|0x000000008f200000, 0x000000008f200000, 0x000000008f300000|  0%| F|  |TAMS 0x000000008f200000| PB 0x000000008f200000| Untracked 
| 161|0x000000008f300000, 0x000000008f300000, 0x000000008f400000|  0%| F|  |TAMS 0x000000008f300000| PB 0x000000008f300000| Untracked 
| 162|0x000000008f400000, 0x000000008f400000, 0x000000008f500000|  0%| F|  |TAMS 0x000000008f400000| PB 0x000000008f400000| Untracked 
| 163|0x000000008f500000, 0x000000008f500000, 0x000000008f600000|  0%| F|  |TAMS 0x000000008f500000| PB 0x000000008f500000| Untracked 
| 164|0x000000008f600000, 0x000000008f600000, 0x000000008f700000|  0%| F|  |TAMS 0x000000008f600000| PB 0x000000008f600000| Untracked 
| 165|0x000000008f700000, 0x000000008f700000, 0x000000008f800000|  0%| F|  |TAMS 0x000000008f700000| PB 0x000000008f700000| Untracked 
| 166|0x000000008f800000, 0x000000008f800000, 0x000000008f900000|  0%| F|  |TAMS 0x000000008f800000| PB 0x000000008f800000| Untracked 
| 167|0x000000008f900000, 0x000000008f900000, 0x000000008fa00000|  0%| F|  |TAMS 0x000000008f900000| PB 0x000000008f900000| Untracked 
| 168|0x000000008fa00000, 0x000000008fa00000, 0x000000008fb00000|  0%| F|  |TAMS 0x000000008fa00000| PB 0x000000008fa00000| Untracked 
| 169|0x000000008fb00000, 0x000000008fb00000, 0x000000008fc00000|  0%| F|  |TAMS 0x000000008fb00000| PB 0x000000008fb00000| Untracked 
| 170|0x000000008fc00000, 0x000000008fc00000, 0x000000008fd00000|  0%| F|  |TAMS 0x000000008fc00000| PB 0x000000008fc00000| Untracked 
| 171|0x000000008fd00000, 0x000000008fd00000, 0x000000008fe00000|  0%| F|  |TAMS 0x000000008fd00000| PB 0x000000008fd00000| Untracked 
| 172|0x000000008fe00000, 0x000000008fe00000, 0x000000008ff00000|  0%| F|  |TAMS 0x000000008fe00000| PB 0x000000008fe00000| Untracked 
| 173|0x000000008ff00000, 0x000000008ff00000, 0x0000000090000000|  0%| F|  |TAMS 0x000000008ff00000| PB 0x000000008ff00000| Untracked 
| 174|0x0000000090000000, 0x0000000090000000, 0x0000000090100000|  0%| F|  |TAMS 0x0000000090000000| PB 0x0000000090000000| Untracked 
| 175|0x0000000090100000, 0x0000000090100000, 0x0000000090200000|  0%| F|  |TAMS 0x0000000090100000| PB 0x0000000090100000| Untracked 
| 176|0x0000000090200000, 0x0000000090200000, 0x0000000090300000|  0%| F|  |TAMS 0x0000000090200000| PB 0x0000000090200000| Untracked 
| 177|0x0000000090300000, 0x0000000090300000, 0x0000000090400000|  0%| F|  |TAMS 0x0000000090300000| PB 0x0000000090300000| Untracked 
| 178|0x0000000090400000, 0x0000000090400000, 0x0000000090500000|  0%| F|  |TAMS 0x0000000090400000| PB 0x0000000090400000| Untracked 
| 179|0x0000000090500000, 0x0000000090500000, 0x0000000090600000|  0%| F|  |TAMS 0x0000000090500000| PB 0x0000000090500000| Untracked 
| 180|0x0000000090600000, 0x0000000090600000, 0x0000000090700000|  0%| F|  |TAMS 0x0000000090600000| PB 0x0000000090600000| Untracked 
| 181|0x0000000090700000, 0x0000000090700000, 0x0000000090800000|  0%| F|  |TAMS 0x0000000090700000| PB 0x0000000090700000| Untracked 
| 182|0x0000000090800000, 0x0000000090800000, 0x0000000090900000|  0%| F|  |TAMS 0x0000000090800000| PB 0x0000000090800000| Untracked 
| 183|0x0000000090900000, 0x0000000090900000, 0x0000000090a00000|  0%| F|  |TAMS 0x0000000090900000| PB 0x0000000090900000| Untracked 
| 184|0x0000000090a00000, 0x0000000090a00000, 0x0000000090b00000|  0%| F|  |TAMS 0x0000000090a00000| PB 0x0000000090a00000| Untracked 
| 185|0x0000000090b00000, 0x0000000090b00000, 0x0000000090c00000|  0%| F|  |TAMS 0x0000000090b00000| PB 0x0000000090b00000| Untracked 
| 186|0x0000000090c00000, 0x0000000090c00000, 0x0000000090d00000|  0%| F|  |TAMS 0x0000000090c00000| PB 0x0000000090c00000| Untracked 
| 187|0x0000000090d00000, 0x0000000090d00000, 0x0000000090e00000|  0%| F|  |TAMS 0x0000000090d00000| PB 0x0000000090d00000| Untracked 
| 188|0x0000000090e00000, 0x0000000090e00000, 0x0000000090f00000|  0%| F|  |TAMS 0x0000000090e00000| PB 0x0000000090e00000| Untracked 
| 189|0x0000000090f00000, 0x0000000090f00000, 0x0000000091000000|  0%| F|  |TAMS 0x0000000090f00000| PB 0x0000000090f00000| Untracked 
| 190|0x0000000091000000, 0x0000000091000000, 0x0000000091100000|  0%| F|  |TAMS 0x0000000091000000| PB 0x0000000091000000| Untracked 
| 191|0x0000000091100000, 0x0000000091100000, 0x0000000091200000|  0%| F|  |TAMS 0x0000000091100000| PB 0x0000000091100000| Untracked 
| 192|0x0000000091200000, 0x0000000091200000, 0x0000000091300000|  0%| F|  |TAMS 0x0000000091200000| PB 0x0000000091200000| Untracked 
| 193|0x0000000091300000, 0x0000000091300000, 0x0000000091400000|  0%| F|  |TAMS 0x0000000091300000| PB 0x0000000091300000| Untracked 
| 194|0x0000000091400000, 0x0000000091400000, 0x0000000091500000|  0%| F|  |TAMS 0x0000000091400000| PB 0x0000000091400000| Untracked 
| 195|0x0000000091500000, 0x0000000091500000, 0x0000000091600000|  0%| F|  |TAMS 0x0000000091500000| PB 0x0000000091500000| Untracked 
| 196|0x0000000091600000, 0x0000000091600000, 0x0000000091700000|  0%| F|  |TAMS 0x0000000091600000| PB 0x0000000091600000| Untracked 
| 197|0x0000000091700000, 0x0000000091700000, 0x0000000091800000|  0%| F|  |TAMS 0x0000000091700000| PB 0x0000000091700000| Untracked 
| 198|0x0000000091800000, 0x0000000091800000, 0x0000000091900000|  0%| F|  |TAMS 0x0000000091800000| PB 0x0000000091800000| Untracked 
| 199|0x0000000091900000, 0x0000000091900000, 0x0000000091a00000|  0%| F|  |TAMS 0x0000000091900000| PB 0x0000000091900000| Untracked 
| 200|0x0000000091a00000, 0x0000000091a00000, 0x0000000091b00000|  0%| F|  |TAMS 0x0000000091a00000| PB 0x0000000091a00000| Untracked 
| 201|0x0000000091b00000, 0x0000000091b5b430, 0x0000000091c00000| 35%| E|  |TAMS 0x0000000091b00000| PB 0x0000000091b00000| Complete 
| 202|0x0000000091c00000, 0x0000000091d00000, 0x0000000091d00000|100%| E|CS|TAMS 0x0000000091c00000| PB 0x0000000091c00000| Complete 
| 203|0x0000000091d00000, 0x0000000091e00000, 0x0000000091e00000|100%| E|CS|TAMS 0x0000000091d00000| PB 0x0000000091d00000| Complete 
| 204|0x0000000091e00000, 0x0000000091f00000, 0x0000000091f00000|100%| E|CS|TAMS 0x0000000091e00000| PB 0x0000000091e00000| Complete 
| 205|0x0000000091f00000, 0x0000000092000000, 0x0000000092000000|100%| E|CS|TAMS 0x0000000091f00000| PB 0x0000000091f00000| Complete 
| 206|0x0000000092000000, 0x0000000092100000, 0x0000000092100000|100%| E|CS|TAMS 0x0000000092000000| PB 0x0000000092000000| Complete 
| 207|0x0000000092100000, 0x0000000092200000, 0x0000000092200000|100%| E|CS|TAMS 0x0000000092100000| PB 0x0000000092100000| Complete 
| 208|0x0000000092200000, 0x0000000092300000, 0x0000000092300000|100%| E|CS|TAMS 0x0000000092200000| PB 0x0000000092200000| Complete 
| 209|0x0000000092300000, 0x0000000092400000, 0x0000000092400000|100%| E|CS|TAMS 0x0000000092300000| PB 0x0000000092300000| Complete 
| 210|0x0000000092400000, 0x0000000092500000, 0x0000000092500000|100%| E|CS|TAMS 0x0000000092400000| PB 0x0000000092400000| Complete 
| 211|0x0000000092500000, 0x0000000092600000, 0x0000000092600000|100%| E|CS|TAMS 0x0000000092500000| PB 0x0000000092500000| Complete 
| 212|0x0000000092600000, 0x0000000092700000, 0x0000000092700000|100%| E|CS|TAMS 0x0000000092600000| PB 0x0000000092600000| Complete 
| 213|0x0000000092700000, 0x0000000092800000, 0x0000000092800000|100%| E|CS|TAMS 0x0000000092700000| PB 0x0000000092700000| Complete 
| 214|0x0000000092800000, 0x0000000092900000, 0x0000000092900000|100%| E|CS|TAMS 0x0000000092800000| PB 0x0000000092800000| Complete 
| 222|0x0000000093000000, 0x0000000093100000, 0x0000000093100000|100%| E|CS|TAMS 0x0000000093000000| PB 0x0000000093000000| Complete 
| 223|0x0000000093100000, 0x0000000093200000, 0x0000000093200000|100%| E|CS|TAMS 0x0000000093100000| PB 0x0000000093100000| Complete 
| 224|0x0000000093200000, 0x0000000093300000, 0x0000000093300000|100%| E|CS|TAMS 0x0000000093200000| PB 0x0000000093200000| Complete 
| 225|0x0000000093300000, 0x0000000093400000, 0x0000000093400000|100%| E|CS|TAMS 0x0000000093300000| PB 0x0000000093300000| Complete 
| 226|0x0000000093400000, 0x0000000093500000, 0x0000000093500000|100%| E|CS|TAMS 0x0000000093400000| PB 0x0000000093400000| Complete 
| 227|0x0000000093500000, 0x0000000093600000, 0x0000000093600000|100%| E|CS|TAMS 0x0000000093500000| PB 0x0000000093500000| Complete 
| 351|0x000000009b100000, 0x000000009b200000, 0x000000009b200000|100%| E|CS|TAMS 0x000000009b100000| PB 0x000000009b100000| Complete 
| 352|0x000000009b200000, 0x000000009b300000, 0x000000009b300000|100%| E|CS|TAMS 0x000000009b200000| PB 0x000000009b200000| Complete 
| 353|0x000000009b300000, 0x000000009b400000, 0x000000009b400000|100%| E|CS|TAMS 0x000000009b300000| PB 0x000000009b300000| Complete 
| 354|0x000000009b400000, 0x000000009b500000, 0x000000009b500000|100%| E|CS|TAMS 0x000000009b400000| PB 0x000000009b400000| Complete 
|1959|0x00000000ff900000, 0x00000000ffa00000, 0x00000000ffa00000|100%| O|  |TAMS 0x00000000ff900000| PB 0x00000000ff900000| Untracked 
|1960|0x00000000ffa00000, 0x00000000ffb00000, 0x00000000ffb00000|100%| O|  |TAMS 0x00000000ffa00000| PB 0x00000000ffa00000| Untracked 
|1961|0x00000000ffb00000, 0x00000000ffc00000, 0x00000000ffc00000|100%| O|  |TAMS 0x00000000ffb00000| PB 0x00000000ffb00000| Untracked 
|1964|0x00000000ffe00000, 0x00000000fff00000, 0x00000000fff00000|100%| E|CS|TAMS 0x00000000ffe00000| PB 0x00000000ffe00000| Complete 
|1965|0x00000000fff00000, 0x0000000100000000, 0x0000000100000000|100%| E|CS|TAMS 0x00000000fff00000| PB 0x00000000fff00000| Complete 

Card table byte_map: [0x000002623c620000,0x000002623ca00000] _byte_map_base: 0x000002623c1f7000

Marking Bits: (CMBitMap*) 0x0000026224325eb0
 Bits: [0x000002623ca00000, 0x000002623e8b8000)

Polling page: 0x0000026222380000

Metaspace:

Usage:
  Non-class:     90.77 MB used.
      Class:     18.13 MB used.
       Both:    108.90 MB used.

Virtual space:
  Non-class space:      128.00 MB reserved,      91.25 MB ( 71%) committed,  2 nodes.
      Class space:        1.00 GB reserved,      18.62 MB (  2%) committed,  1 nodes.
             Both:        1.12 GB reserved,     109.88 MB ( 10%) committed. 

Chunk freelists:
   Non-Class:  4.08 MB
       Class:  13.59 MB
        Both:  17.67 MB

MaxMetaspaceSize: unlimited
CompressedClassSpaceSize: 1.00 GB
Initial GC threshold: 21.00 MB
Current GC threshold: 182.75 MB
CDS: on
 - commit_granule_bytes: 65536.
 - commit_granule_words: 8192.
 - virtual_space_node_default_size: 8388608.
 - enlarge_chunks_in_place: 1.
 - use_allocation_guard: 0.


Internal statistics:

num_allocs_failed_limit: 9.
num_arena_births: 2138.
num_arena_deaths: 1072.
num_vsnodes_births: 3.
num_vsnodes_deaths: 0.
num_space_committed: 1764.
num_space_uncommitted: 4.
num_chunks_returned_to_freelist: 1363.
num_chunks_taken_from_freelist: 6666.
num_chunk_merges: 509.
num_chunk_splits: 4467.
num_chunks_enlarged: 3273.
num_inconsistent_stats: 0.

CodeHeap 'non-profiled nmethods': size=119168Kb used=9799Kb max_used=12440Kb free=109368Kb
 bounds [0x0000026234560000, 0x0000026235190000, 0x000002623b9c0000]
CodeHeap 'profiled nmethods': size=119104Kb used=6113Kb max_used=27435Kb free=112990Kb
 bounds [0x000002622c9c0000, 0x000002622e490000, 0x0000026233e10000]
CodeHeap 'non-nmethods': size=7488Kb used=1728Kb max_used=3465Kb free=5759Kb
 bounds [0x0000026233e10000, 0x00000262341c0000, 0x0000026234560000]
CodeCache: size=245760Kb, used=17640Kb, max_used=43340Kb, free=228117Kb
 total_blobs=5721, nmethods=4972, adapters=652, full_count=0
Compilation: enabled, stopped_count=0, restarted_count=0

Compilation events (20 events):
Event: 4254.542 Thread 0x00000262418f18b0 19672       3       java.lang.reflect.Executable::getGenericParameterTypes (20 bytes)
Event: 4254.547 Thread 0x00000262418f18b0 nmethod 19672 0x000002622ca0d190 code [0x000002622ca0d3a0, 0x000002622ca0dae0]
Event: 4254.547 Thread 0x00000262418f18b0 19679       3       com.fasterxml.jackson.databind.introspect.AnnotatedClassResolver::<init> (103 bytes)
Event: 4254.562 Thread 0x00000262418f18b0 nmethod 19679 0x000002622ca0c110 code [0x000002622ca0c360, 0x000002622ca0cea0]
Event: 4254.562 Thread 0x00000262418f18b0 19671       3       com.fasterxml.jackson.databind.cfg.DeserializerFactoryConfig::hasDeserializerModifiers (14 bytes)
Event: 4254.564 Thread 0x00000262418f18b0 nmethod 19671 0x000002622ccf9c90 code [0x000002622ccf9e40, 0x000002622ccf9fa8]
Event: 4254.565 Thread 0x00000262418f18b0 19680       3       com.fasterxml.jackson.databind.PropertyMetadata::withMergeInfo (33 bytes)
Event: 4254.577 Thread 0x00000262418f18b0 nmethod 19680 0x000002622ca0bc90 code [0x000002622ca0be40, 0x000002622ca0c020]
Event: 4254.577 Thread 0x00000262418f18b0 19678       3       com.fasterxml.jackson.databind.JavaType::isAbstract (11 bytes)
Event: 4254.578 Thread 0x00000262418f18b0 nmethod 19678 0x000002622ca0b810 code [0x000002622ca0b9c0, 0x000002622ca0bbb8]
Event: 4254.578 Thread 0x00000262418f18b0 19675       3       com.fasterxml.jackson.databind.deser.SettableBeanProperty::setViews (21 bytes)
Event: 4254.583 Thread 0x00000262418f18b0 nmethod 19675 0x000002622ca0b390 code [0x000002622ca0b540, 0x000002622ca0b778]
Event: 4254.583 Thread 0x00000262418f18b0 19676       3       com.fasterxml.jackson.databind.deser.impl.BeanPropertyMap::getPropertyName (26 bytes)
Event: 4254.590 Thread 0x00000262418f18b0 nmethod 19676 0x000002622ca0ab10 code [0x000002622ca0ad00, 0x000002622ca0b178]
Event: 4254.591 Thread 0x00000262418f18b0 19677       3       com.fasterxml.jackson.databind.deser.SettableBeanProperty::assignIndex (65 bytes)
Event: 4254.598 Thread 0x00000262418f18b0 nmethod 19677 0x000002622cfebe90 code [0x000002622cfec120, 0x000002622cfeca40]
Event: 4254.602 Thread 0x00000262418f18b0 19683   !   3       jdk.proxy2.$Proxy193::annotationType (29 bytes)
Event: 4254.602 Thread 0x00000262418f18b0 nmethod 19683 0x000002622ca0a390 code [0x000002622ca0a560, 0x000002622ca0a960]
Event: 4254.609 Thread 0x00000262418f18b0 19684       3       org.apache.commons.logging.LogAdapter$Slf4jLocationAwareLog::trace (46 bytes)
Event: 4254.613 Thread 0x00000262418f18b0 nmethod 19684 0x000002622cfeb290 code [0x000002622cfeb4a0, 0x000002622cfebc40]

GC Heap History (20 events):
Event: 1798.901 GC heap before
{Heap before GC invocations=59 (full 0):
 garbage-first heap   total 242688K, used 215621K [0x0000000085200000, 0x0000000100000000)
  region size 1024K, 142 young (145408K), 1 survivors (1024K)
 Metaspace       used 111230K, committed 112192K, reserved 1179648K
  class space    used 18632K, committed 19072K, reserved 1048576K
}
Event: 1798.907 GC heap after
{Heap after GC invocations=60 (full 0):
 garbage-first heap   total 242688K, used 72392K [0x0000000085200000, 0x0000000100000000)
  region size 1024K, 1 young (1024K), 1 survivors (1024K)
 Metaspace       used 111230K, committed 112192K, reserved 1179648K
  class space    used 18632K, committed 19072K, reserved 1048576K
}
Event: 1801.610 GC heap before
{Heap before GC invocations=60 (full 0):
 garbage-first heap   total 242688K, used 216776K [0x0000000085200000, 0x0000000100000000)
  region size 1024K, 142 young (145408K), 1 survivors (1024K)
 Metaspace       used 111230K, committed 112192K, reserved 1179648K
  class space    used 18632K, committed 19072K, reserved 1048576K
}
Event: 1801.620 GC heap after
{Heap after GC invocations=61 (full 0):
 garbage-first heap   total 242688K, used 71802K [0x0000000085200000, 0x0000000100000000)
  region size 1024K, 1 young (1024K), 1 survivors (1024K)
 Metaspace       used 111230K, committed 112192K, reserved 1179648K
  class space    used 18632K, committed 19072K, reserved 1048576K
}
Event: 1891.096 GC heap before
{Heap before GC invocations=61 (full 0):
 garbage-first heap   total 242688K, used 216186K [0x0000000085200000, 0x0000000100000000)
  region size 1024K, 142 young (145408K), 1 survivors (1024K)
 Metaspace       used 111233K, committed 112192K, reserved 1179648K
  class space    used 18632K, committed 19072K, reserved 1048576K
}
Event: 1891.243 GC heap after
{Heap after GC invocations=62 (full 0):
 garbage-first heap   total 242688K, used 72071K [0x0000000085200000, 0x0000000100000000)
  region size 1024K, 2 young (2048K), 2 survivors (2048K)
 Metaspace       used 111233K, committed 112192K, reserved 1179648K
  class space    used 18632K, committed 19072K, reserved 1048576K
}
Event: 1924.883 GC heap before
{Heap before GC invocations=63 (full 0):
 garbage-first heap   total 242688K, used 215431K [0x0000000085200000, 0x0000000100000000)
  region size 1024K, 142 young (145408K), 2 survivors (2048K)
 Metaspace       used 111250K, committed 112256K, reserved 1179648K
  class space    used 18633K, committed 19072K, reserved 1048576K
}
Event: 1924.900 GC heap after
{Heap after GC invocations=64 (full 0):
 garbage-first heap   total 242688K, used 72449K [0x0000000085200000, 0x0000000100000000)
  region size 1024K, 2 young (2048K), 2 survivors (2048K)
 Metaspace       used 111250K, committed 112256K, reserved 1179648K
  class space    used 18633K, committed 19072K, reserved 1048576K
}
Event: 2157.370 GC heap before
{Heap before GC invocations=64 (full 0):
 garbage-first heap   total 242688K, used 215809K [0x0000000085200000, 0x0000000100000000)
  region size 1024K, 142 young (145408K), 2 survivors (2048K)
 Metaspace       used 111302K, committed 112256K, reserved 1179648K
  class space    used 18633K, committed 19072K, reserved 1048576K
}
Event: 2157.470 GC heap after
{Heap after GC invocations=65 (full 0):
 garbage-first heap   total 242688K, used 72677K [0x0000000085200000, 0x0000000100000000)
  region size 1024K, 3 young (3072K), 3 survivors (3072K)
 Metaspace       used 111302K, committed 112256K, reserved 1179648K
  class space    used 18633K, committed 19072K, reserved 1048576K
}
Event: 2218.410 GC heap before
{Heap before GC invocations=65 (full 0):
 garbage-first heap   total 242688K, used 215013K [0x0000000085200000, 0x0000000100000000)
  region size 1024K, 142 young (145408K), 3 survivors (3072K)
 Metaspace       used 111310K, committed 112256K, reserved 1179648K
  class space    used 18633K, committed 19072K, reserved 1048576K
}
Event: 2218.484 GC heap after
{Heap after GC invocations=66 (full 0):
 garbage-first heap   total 242688K, used 72471K [0x0000000085200000, 0x0000000100000000)
  region size 1024K, 2 young (2048K), 2 survivors (2048K)
 Metaspace       used 111310K, committed 112256K, reserved 1179648K
  class space    used 18633K, committed 19072K, reserved 1048576K
}
Event: 2278.639 GC heap before
{Heap before GC invocations=67 (full 0):
 garbage-first heap   total 242688K, used 214807K [0x0000000085200000, 0x0000000100000000)
  region size 1024K, 142 young (145408K), 2 survivors (2048K)
 Metaspace       used 110724K, committed 112256K, reserved 1179648K
  class space    used 18474K, committed 19072K, reserved 1048576K
}
Event: 2278.723 GC heap after
{Heap after GC invocations=68 (full 0):
 garbage-first heap   total 242688K, used 73102K [0x0000000085200000, 0x0000000100000000)
  region size 1024K, 3 young (3072K), 3 survivors (3072K)
 Metaspace       used 110724K, committed 112256K, reserved 1179648K
  class space    used 18474K, committed 19072K, reserved 1048576K
}
Event: 2338.944 GC heap before
{Heap before GC invocations=68 (full 0):
 garbage-first heap   total 242688K, used 214414K [0x0000000085200000, 0x0000000100000000)
  region size 1024K, 142 young (145408K), 3 survivors (3072K)
 Metaspace       used 110732K, committed 112256K, reserved 1179648K
  class space    used 18474K, committed 19072K, reserved 1048576K
}
Event: 2339.087 GC heap after
{Heap after GC invocations=69 (full 0):
 garbage-first heap   total 242688K, used 69656K [0x0000000085200000, 0x0000000100000000)
  region size 1024K, 2 young (2048K), 2 survivors (2048K)
 Metaspace       used 110732K, committed 112256K, reserved 1179648K
  class space    used 18474K, committed 19072K, reserved 1048576K
}
Event: 2399.392 GC heap before
{Heap before GC invocations=69 (full 0):
 garbage-first heap   total 242688K, used 213016K [0x0000000085200000, 0x0000000100000000)
  region size 1024K, 142 young (145408K), 2 survivors (2048K)
 Metaspace       used 110732K, committed 112256K, reserved 1179648K
  class space    used 18474K, committed 19072K, reserved 1048576K
}
Event: 2399.437 GC heap after
{Heap after GC invocations=70 (full 0):
 garbage-first heap   total 242688K, used 69820K [0x0000000085200000, 0x0000000100000000)
  region size 1024K, 2 young (2048K), 2 survivors (2048K)
 Metaspace       used 110732K, committed 112256K, reserved 1179648K
  class space    used 18474K, committed 19072K, reserved 1048576K
}
Event: 2457.891 GC heap before
{Heap before GC invocations=71 (full 0):
 garbage-first heap   total 235520K, used 209084K [0x0000000085200000, 0x0000000100000000)
  region size 1024K, 138 young (141312K), 2 survivors (2048K)
 Metaspace       used 110733K, committed 112256K, reserved 1179648K
  class space    used 18474K, committed 19072K, reserved 1048576K
}
Event: 2457.920 GC heap after
{Heap after GC invocations=72 (full 0):
 garbage-first heap   total 235520K, used 69931K [0x0000000085200000, 0x0000000100000000)
  region size 1024K, 2 young (2048K), 2 survivors (2048K)
 Metaspace       used 110733K, committed 112256K, reserved 1179648K
  class space    used 18474K, committed 19072K, reserved 1048576K
}

Dll operation events (13 events):
Event: 0.017 Loaded shared library C:\Program Files\Eclipse Adoptium\jdk-21.0.8.9-hotspot\bin\java.dll
Event: 0.044 Loaded shared library C:\Program Files\Eclipse Adoptium\jdk-21.0.8.9-hotspot\bin\jsvml.dll
Event: 0.333 Loaded shared library C:\Program Files\Eclipse Adoptium\jdk-21.0.8.9-hotspot\bin\zip.dll
Event: 0.337 Loaded shared library C:\Program Files\Eclipse Adoptium\jdk-21.0.8.9-hotspot\bin\instrument.dll
Event: 0.341 Loaded shared library C:\Program Files\Eclipse Adoptium\jdk-21.0.8.9-hotspot\bin\net.dll
Event: 0.343 Loaded shared library C:\Program Files\Eclipse Adoptium\jdk-21.0.8.9-hotspot\bin\nio.dll
Event: 0.345 Loaded shared library C:\Program Files\Eclipse Adoptium\jdk-21.0.8.9-hotspot\bin\zip.dll
Event: 0.577 Loaded shared library C:\Program Files\Eclipse Adoptium\jdk-21.0.8.9-hotspot\bin\extnet.dll
Event: 0.614 Loaded shared library C:\Program Files\Eclipse Adoptium\jdk-21.0.8.9-hotspot\bin\jimage.dll
Event: 3.432 Loaded shared library C:\Program Files\Eclipse Adoptium\jdk-21.0.8.9-hotspot\bin\sunmscapi.dll
Event: 6.050 Loaded shared library C:\Program Files\Eclipse Adoptium\jdk-21.0.8.9-hotspot\bin\management.dll
Event: 6.052 Loaded shared library C:\Program Files\Eclipse Adoptium\jdk-21.0.8.9-hotspot\bin\management_ext.dll
Event: 6.880 Loaded shared library C:\Program Files\Eclipse Adoptium\jdk-21.0.8.9-hotspot\bin\verify.dll

Deoptimization events (20 events):
Event: 4062.545 Thread 0x000002628c1d3470 Uncommon trap: trap_request=0xffffffde fr.pc=0x0000026234ca3bfc relative=0x0000000000005c5c
Event: 4062.545 Thread 0x000002628c1d3470 Uncommon trap: reason=class_check action=maybe_recompile pc=0x0000026234ca3bfc method=org.springframework.http.server.ServletServerHttpResponse$ServletResponseHttpHeaders.getFirst(Ljava/lang/String;)Ljava/lang/String; @ 30 c2
Event: 4062.545 Thread 0x000002628c1d3470 DEOPT PACKING pc=0x0000026234ca3bfc sp=0x000000d04ecfdf50
Event: 4062.545 Thread 0x000002628c1d3470 DEOPT UNPACKING pc=0x0000026233e646a2 sp=0x000000d04ecfdea8 mode 2
Event: 4062.549 Thread 0x000002628c1d3470 Uncommon trap: trap_request=0xffffffde fr.pc=0x000002623504df10 relative=0x0000000000000730
Event: 4062.549 Thread 0x000002628c1d3470 Uncommon trap: reason=class_check action=maybe_recompile pc=0x000002623504df10 method=org.springframework.http.server.ServletServerHttpResponse$ServletResponseHttpHeaders.get(Ljava/lang/Object;)Ljava/util/List; @ 49 c2
Event: 4062.549 Thread 0x000002628c1d3470 DEOPT PACKING pc=0x000002623504df10 sp=0x000000d04ecfdf00
Event: 4062.549 Thread 0x000002628c1d3470 DEOPT UNPACKING pc=0x0000026233e646a2 sp=0x000000d04ecfddc8 mode 2
Event: 4062.549 Thread 0x000002628c1d3470 Uncommon trap: trap_request=0xffffffde fr.pc=0x000002623505f350 relative=0x00000000000023d0
Event: 4062.549 Thread 0x000002628c1d3470 Uncommon trap: reason=class_check action=maybe_recompile pc=0x000002623505f350 method=org.springframework.http.server.ServletServerHttpResponse$ServletResponseHttpHeaders.getFirst(Ljava/lang/String;)Ljava/lang/String; @ 30 c2
Event: 4062.549 Thread 0x000002628c1d3470 DEOPT PACKING pc=0x000002623505f350 sp=0x000000d04ecfdee0
Event: 4062.550 Thread 0x000002628c1d3470 DEOPT UNPACKING pc=0x0000026233e646a2 sp=0x000000d04ecfdd90 mode 2
Event: 4062.550 Thread 0x000002628c1d3470 Uncommon trap: trap_request=0xffffffde fr.pc=0x000002623507400c relative=0x000000000000026c
Event: 4062.550 Thread 0x000002628c1d3470 Uncommon trap: reason=class_check action=maybe_recompile pc=0x000002623507400c method=org.springframework.http.server.ServletServerHttpResponse.lambda$writeHeaders$0(Ljava/lang/String;Ljava/util/List;)V @ 34 c2
Event: 4062.550 Thread 0x000002628c1d3470 DEOPT PACKING pc=0x000002623507400c sp=0x000000d04ecfdc80
Event: 4062.550 Thread 0x000002628c1d3470 DEOPT UNPACKING pc=0x0000026233e646a2 sp=0x000000d04ecfdba8 mode 2
Event: 4062.550 Thread 0x000002628c1d3470 Uncommon trap: trap_request=0xffffffde fr.pc=0x0000026234c4134c relative=0x000000000000088c
Event: 4062.550 Thread 0x000002628c1d3470 Uncommon trap: reason=class_check action=maybe_recompile pc=0x0000026234c4134c method=org.springframework.http.server.ServletServerHttpResponse.writeHeaders()V @ 32 c2
Event: 4062.551 Thread 0x000002628c1d3470 DEOPT PACKING pc=0x0000026234c4134c sp=0x000000d04ecfdd80
Event: 4062.551 Thread 0x000002628c1d3470 DEOPT UNPACKING pc=0x0000026233e646a2 sp=0x000000d04ecfdd38 mode 2

Classes loaded (20 events):
Event: 66.553 Loading class jdk/internal/icu/impl/UCharacterProperty$1
Event: 66.553 Loading class jdk/internal/icu/impl/UCharacterProperty$BiDiIntProperty
Event: 66.553 Loading class jdk/internal/icu/impl/UCharacterProperty$IntProperty
Event: 66.554 Loading class jdk/internal/icu/impl/UCharacterProperty$IntProperty done
Event: 66.554 Loading class jdk/internal/icu/impl/UCharacterProperty$BiDiIntProperty done
Event: 66.554 Loading class jdk/internal/icu/impl/UCharacterProperty$1 done
Event: 66.555 Loading class jdk/internal/icu/impl/UCharacterProperty$IsAcceptable
Event: 66.556 Loading class jdk/internal/icu/impl/UCharacterProperty$IsAcceptable done
Event: 66.557 Loading class jdk/internal/icu/impl/Trie2_16
Event: 66.557 Loading class jdk/internal/icu/impl/Trie2
Event: 66.558 Loading class jdk/internal/icu/impl/Trie2 done
Event: 66.558 Loading class jdk/internal/icu/impl/Trie2_16 done
Event: 66.558 Loading class jdk/internal/icu/impl/Trie2$1
Event: 66.558 Loading class jdk/internal/icu/impl/Trie2$ValueMapper
Event: 66.558 Loading class jdk/internal/icu/impl/Trie2$ValueMapper done
Event: 66.558 Loading class jdk/internal/icu/impl/Trie2$1 done
Event: 66.558 Loading class jdk/internal/icu/impl/Trie2$UTrie2Header
Event: 66.558 Loading class jdk/internal/icu/impl/Trie2$UTrie2Header done
Event: 4052.358 Loading class java/util/ArrayList$SubList$2
Event: 4052.364 Loading class java/util/ArrayList$SubList$2 done

Classes unloaded (20 events):
Event: 2218.914 Thread 0x0000026241333c50 Unloading class 0x0000026243119400 'java/lang/invoke/LambdaForm$MH+0x0000026243119400'
Event: 2218.914 Thread 0x0000026241333c50 Unloading class 0x0000026243104000 'java/lang/invoke/LambdaForm$DMH+0x0000026243104000'
Event: 2218.914 Thread 0x0000026241333c50 Unloading class 0x000002624301b400 'java/lang/invoke/LambdaForm$MH+0x000002624301b400'
Event: 2218.915 Thread 0x0000026241333c50 Unloading class 0x000002624301ac00 'java/lang/invoke/LambdaForm$MH+0x000002624301ac00'
Event: 2218.915 Thread 0x0000026241333c50 Unloading class 0x000002624301a400 'java/lang/invoke/LambdaForm$MH+0x000002624301a400'
Event: 2218.916 Thread 0x0000026241333c50 Unloading class 0x000002624301a000 'java/lang/invoke/LambdaForm$MH+0x000002624301a000'
Event: 2218.916 Thread 0x0000026241333c50 Unloading class 0x0000026243019000 'java/lang/invoke/LambdaForm$MH+0x0000026243019000'
Event: 2218.916 Thread 0x0000026241333c50 Unloading class 0x0000026243018400 'java/lang/invoke/LambdaForm$MH+0x0000026243018400'
Event: 2218.916 Thread 0x0000026241333c50 Unloading class 0x0000026243018000 'java/lang/invoke/LambdaForm$MH+0x0000026243018000'
Event: 2218.916 Thread 0x0000026241333c50 Unloading class 0x0000026243017800 'java/lang/invoke/LambdaForm$MH+0x0000026243017800'
Event: 2218.916 Thread 0x0000026241333c50 Unloading class 0x0000026243017400 'java/lang/invoke/LambdaForm$MH+0x0000026243017400'
Event: 2218.916 Thread 0x0000026241333c50 Unloading class 0x0000026243017000 'java/lang/invoke/LambdaForm$MH+0x0000026243017000'
Event: 2218.916 Thread 0x0000026241333c50 Unloading class 0x0000026243016400 'java/lang/invoke/LambdaForm$MH+0x0000026243016400'
Event: 2218.916 Thread 0x0000026241333c50 Unloading class 0x0000026243015400 'java/lang/invoke/LambdaForm$MH+0x0000026243015400'
Event: 2218.917 Thread 0x0000026241333c50 Unloading class 0x0000026243014800 'java/lang/invoke/LambdaForm$MH+0x0000026243014800'
Event: 2218.917 Thread 0x0000026241333c50 Unloading class 0x0000026243014000 'java/lang/invoke/LambdaForm$MH+0x0000026243014000'
Event: 2218.917 Thread 0x0000026241333c50 Unloading class 0x0000026243002400 'java/lang/invoke/LambdaForm$MH+0x0000026243002400'
Event: 2218.917 Thread 0x0000026241333c50 Unloading class 0x0000026243002000 'java/lang/invoke/LambdaForm$MH+0x0000026243002000'
Event: 2218.917 Thread 0x0000026241333c50 Unloading class 0x0000026243001c00 'java/lang/invoke/LambdaForm$MH+0x0000026243001c00'
Event: 2218.917 Thread 0x0000026241333c50 Unloading class 0x0000026243001400 'java/lang/invoke/LambdaForm$MH+0x0000026243001400'

Classes redefined (0 events):
No events

Internal exceptions (20 events):
Event: 1702.474 Thread 0x000002628952e000 Exception <a 'java/io/IOException'{0x00000000924d8a18}> (0x00000000924d8a18) 
thrown [s\src\hotspot\share\prims\jni.cpp, line 520]
Event: 3050.103 Thread 0x000002628c3c4540 Implicit null exception at 0x000002623486fadc to 0x000002623486fbd8
Event: 4050.615 Thread 0x0000026289528ab0 Implicit null exception at 0x00000262350c2f4c to 0x00000262350c5831
Event: 4050.628 Thread 0x0000026289528ab0 Implicit null exception at 0x00000262345ff03b to 0x00000262345ff36c
Event: 4050.696 Thread 0x0000026289528ab0 Implicit null exception at 0x0000026234cc8215 to 0x0000026234cc8c84
Event: 4050.711 Thread 0x0000026289528ab0 Implicit null exception at 0x0000026234a2e6c0 to 0x0000026234a2e9f4
Event: 4050.760 Thread 0x0000026289528ab0 Implicit null exception at 0x0000026234648591 to 0x0000026234648674
Event: 4050.815 Thread 0x0000026289528ab0 Implicit null exception at 0x000002623502adf7 to 0x000002623502f726
Event: 4051.740 Thread 0x0000026289528ab0 Implicit null exception at 0x0000026234b77739 to 0x0000026234b7802c
Event: 4051.859 Thread 0x0000026289528ab0 Implicit null exception at 0x0000026234658c80 to 0x00000262346592b4
Event: 4052.012 Thread 0x0000026289528ab0 Implicit null exception at 0x0000026235066ae1 to 0x0000026235067098
Event: 4052.632 Thread 0x00000262895297d0 Implicit null exception at 0x00000262345ac9a6 to 0x00000262345acdfc
Event: 4052.844 Thread 0x00000262895297d0 Implicit null exception at 0x00000262345d36e7 to 0x00000262345d3a3a
Event: 4053.089 Thread 0x00000262895297d0 Exception <a 'java/lang/NoSuchMethodError'{0x0000000091e10d80}: method resolution failed> (0x0000000091e10d80) 
thrown [s\src\hotspot\share\prims\methodHandles.cpp, line 1144]
Event: 4053.211 Thread 0x00000262895297d0 Implicit null exception at 0x0000026234964dc2 to 0x0000026234967328
Event: 4053.249 Thread 0x00000262895297d0 Implicit null exception at 0x0000026234d92d52 to 0x0000026234d97a38
Event: 4053.253 Thread 0x00000262895297d0 Implicit null exception at 0x0000026234ded0b9 to 0x0000026234df10a8
Event: 4061.831 Thread 0x000002628c1cd200 Implicit null exception at 0x000002623464b97b to 0x000002623464bbe4
Event: 4062.024 Thread 0x000002628c1cd200 Implicit null exception at 0x0000026234d81028 to 0x0000026234d83154
Event: 4062.172 Thread 0x000002628c1cd200 Implicit null exception at 0x0000026234645d1e to 0x000002623464602c

ZGC Phase Switch (0 events):
No events

VM Operations (20 events):
Event: 4054.024 Executing VM operation: Cleanup
Event: 4054.024 Executing VM operation: Cleanup done
Event: 4062.050 Executing VM operation: HandshakeAllThreads (Deoptimize)
Event: 4062.050 Executing VM operation: HandshakeAllThreads (Deoptimize) done
Event: 4062.050 Executing VM operation: Cleanup
Event: 4062.050 Executing VM operation: Cleanup done
Event: 4062.096 Executing VM operation: HandshakeAllThreads (Deoptimize)
Event: 4062.096 Executing VM operation: HandshakeAllThreads (Deoptimize) done
Event: 4063.101 Executing VM operation: Cleanup
Event: 4063.101 Executing VM operation: Cleanup done
Event: 4073.224 Executing VM operation: Cleanup
Event: 4073.225 Executing VM operation: Cleanup done
Event: 4089.225 Executing VM operation: HandshakeAllThreads (HandshakeForDeflation)
Event: 4089.225 Executing VM operation: HandshakeAllThreads (HandshakeForDeflation) done
Event: 4089.225 Executing VM operation: RendezvousGCThreads
Event: 4089.225 Executing VM operation: RendezvousGCThreads done
Event: 4253.915 Executing VM operation: Cleanup
Event: 4253.965 Executing VM operation: Cleanup done
Event: 4254.972 Executing VM operation: Cleanup
Event: 4254.986 Executing VM operation: Cleanup done

Memory protections (0 events):
No events

Nmethod flushes (20 events):
Event: 2399.713 Thread 0x0000026241333c50 flushing  nmethod 0x000002622e2ab510
Event: 2399.713 Thread 0x0000026241333c50 flushing  nmethod 0x000002622e2f8f90
Event: 2399.713 Thread 0x0000026241333c50 flushing  nmethod 0x000002622e2f9a90
Event: 2399.714 Thread 0x0000026241333c50 flushing  nmethod 0x0000026234665190
Event: 2399.714 Thread 0x0000026241333c50 flushing  nmethod 0x0000026234694c90
Event: 2399.714 Thread 0x0000026241333c50 flushing  nmethod 0x0000026234698490
Event: 2399.714 Thread 0x0000026241333c50 flushing  nmethod 0x00000262348e4310
Event: 2399.714 Thread 0x0000026241333c50 flushing  nmethod 0x0000026234a07890
Event: 2399.714 Thread 0x0000026241333c50 flushing  nmethod 0x0000026234a08110
Event: 2399.714 Thread 0x0000026241333c50 flushing  nmethod 0x0000026234cfb910
Event: 2399.714 Thread 0x0000026241333c50 flushing  nmethod 0x0000026234d01710
Event: 2399.715 Thread 0x0000026241333c50 flushing  nmethod 0x0000026234d04b10
Event: 2399.715 Thread 0x0000026241333c50 flushing  nmethod 0x0000026234d0b810
Event: 2399.716 Thread 0x0000026241333c50 flushing  nmethod 0x000002622caae190
Event: 2399.716 Thread 0x0000026241333c50 flushing  nmethod 0x000002622cb3dc10
Event: 2399.716 Thread 0x0000026241333c50 flushing  nmethod 0x000002622e0d8f10
Event: 2399.716 Thread 0x0000026241333c50 flushing  nmethod 0x000002622e115a10
Event: 2399.716 Thread 0x0000026241333c50 flushing  nmethod 0x000002622e3a1c10
Event: 2399.716 Thread 0x0000026241333c50 flushing  nmethod 0x000002622e3a9110
Event: 2399.716 Thread 0x0000026241333c50 flushing  nmethod 0x000002622e3ad990

Events (20 events):
Event: 3790.555 Thread 0x000002628a45cd40 Thread added: 0x000002628c1cc4e0
Event: 3790.635 Thread 0x000002628c1cc4e0 Thread added: 0x000002628c1cf2d0
Event: 3795.646 Thread 0x000002628c1cc4e0 Thread exited: 0x000002628c1cc4e0
Event: 3795.986 Thread 0x000002628c1cf2d0 Thread exited: 0x000002628c1cf2d0
Event: 3832.282 Thread 0x00000262418f18b0 Thread added: 0x000002628bf427d0
Event: 3837.337 Thread 0x000002628bf427d0 Thread exited: 0x000002628bf427d0
Event: 3862.246 Thread 0x00000262418f18b0 Thread added: 0x000002628bf427d0
Event: 3862.247 Thread 0x00000262418f18b0 Thread added: 0x000002628bf40c90
Event: 3867.399 Thread 0x000002628bf40c90 Thread exited: 0x000002628bf40c90
Event: 3872.378 Thread 0x000002628bf427d0 Thread exited: 0x000002628bf427d0
Event: 4050.584 Thread 0x00000262418f18b0 Thread added: 0x000002628bf41360
Event: 4051.165 Thread 0x00000262418c69e0 Thread added: 0x000002628bf43570
Event: 4051.879 Thread 0x00000262418f18b0 Thread added: 0x000002628bf42ea0
Event: 4058.258 Thread 0x000002628bf42ea0 Thread exited: 0x000002628bf42ea0
Event: 4058.258 Thread 0x000002628bf43570 Thread exited: 0x000002628bf43570
Event: 4058.305 Thread 0x000002628bf41360 Thread exited: 0x000002628bf41360
Event: 4061.750 Thread 0x00000262418f18b0 Thread added: 0x000002628bf40c90
Event: 4061.755 Thread 0x00000262418f18b0 Thread added: 0x000002628bf449e0
Event: 4067.587 Thread 0x000002628bf449e0 Thread exited: 0x000002628bf449e0
Event: 4072.601 Thread 0x000002628bf40c90 Thread exited: 0x000002628bf40c90


Dynamic libraries:
0x00007ff7ef420000 - 0x00007ff7ef42e000 	C:\Program Files\Eclipse Adoptium\jdk-21.0.8.9-hotspot\bin\java.exe
0x00007ffc321c0000 - 0x00007ffc32426000 	C:\WINDOWS\SYSTEM32\ntdll.dll
0x00007ffc314b0000 - 0x00007ffc31579000 	C:\WINDOWS\System32\KERNEL32.DLL
0x00007ffc2f7b0000 - 0x00007ffc2fbaf000 	C:\WINDOWS\System32\KERNELBASE.dll
0x00007ffc2f400000 - 0x00007ffc2f54c000 	C:\WINDOWS\System32\ucrtbase.dll
0x00007ffc22c50000 - 0x00007ffc22c6e000 	C:\Program Files\Eclipse Adoptium\jdk-21.0.8.9-hotspot\bin\VCRUNTIME140.dll
0x00007ffc270d0000 - 0x00007ffc270e8000 	C:\Program Files\Eclipse Adoptium\jdk-21.0.8.9-hotspot\bin\jli.dll
0x00007ffc317a0000 - 0x00007ffc31966000 	C:\WINDOWS\System32\USER32.dll
0x00007ffc0a390000 - 0x00007ffc0a621000 	C:\WINDOWS\WinSxS\amd64_microsoft.windows.common-controls_6595b64144ccf1df_6.0.26100.8972_none_3e0da176e32f9d4b\COMCTL32.dll
0x00007ffc2f3d0000 - 0x00007ffc2f3f7000 	C:\WINDOWS\System32\win32u.dll
0x00007ffc31e70000 - 0x00007ffc31e9b000 	C:\WINDOWS\System32\GDI32.dll
0x00007ffc2fc80000 - 0x00007ffc2fda9000 	C:\WINDOWS\System32\gdi32full.dll
0x00007ffc2fe40000 - 0x00007ffc2fee3000 	C:\WINDOWS\System32\msvcp_win.dll
0x00007ffc31970000 - 0x00007ffc31a19000 	C:\WINDOWS\System32\msvcrt.dll
0x00007ffc303c0000 - 0x00007ffc303f2000 	C:\WINDOWS\System32\IMM32.DLL
0x00007ffc27610000 - 0x00007ffc2761c000 	C:\Program Files\Eclipse Adoptium\jdk-21.0.8.9-hotspot\bin\vcruntime140_1.dll
0x00007ffbfccf0000 - 0x00007ffbfcd7d000 	C:\Program Files\Eclipse Adoptium\jdk-21.0.8.9-hotspot\bin\msvcp140.dll
0x00007ffb6ff50000 - 0x00007ffb70ce7000 	C:\Program Files\Eclipse Adoptium\jdk-21.0.8.9-hotspot\bin\server\jvm.dll
0x00007ffc31f00000 - 0x00007ffc31fbc000 	C:\WINDOWS\System32\ADVAPI32.dll
0x00007ffc30500000 - 0x00007ffc305aa000 	C:\WINDOWS\System32\sechost.dll
0x00007ffc31a20000 - 0x00007ffc31b38000 	C:\WINDOWS\System32\RPCRT4.dll
0x00007ffc31ce0000 - 0x00007ffc31d62000 	C:\WINDOWS\System32\WS2_32.dll
0x00007ffc2f250000 - 0x00007ffc2f2ae000 	C:\WINDOWS\SYSTEM32\POWRPROF.dll
0x00007ffc22d10000 - 0x00007ffc22d46000 	C:\WINDOWS\SYSTEM32\WINMM.dll
0x00007ffc19270000 - 0x00007ffc1927b000 	C:\WINDOWS\SYSTEM32\VERSION.dll
0x00007ffc2f230000 - 0x00007ffc2f245000 	C:\WINDOWS\SYSTEM32\UMPDC.dll
0x00007ffc2e0a0000 - 0x00007ffc2e0bb000 	C:\WINDOWS\SYSTEM32\kernel.appcore.dll
0x00007ffc22c40000 - 0x00007ffc22c4a000 	C:\Program Files\Eclipse Adoptium\jdk-21.0.8.9-hotspot\bin\jimage.dll
0x00007ffc2cb90000 - 0x00007ffc2cdd2000 	C:\WINDOWS\SYSTEM32\DBGHELP.DLL
0x00007ffc2ff30000 - 0x00007ffc302b5000 	C:\WINDOWS\System32\combase.dll
0x00007ffc31b40000 - 0x00007ffc31c19000 	C:\WINDOWS\System32\OLEAUT32.dll
0x00007ffc050f0000 - 0x00007ffc0512b000 	C:\WINDOWS\SYSTEM32\dbgcore.DLL
0x00007ffc2fbc0000 - 0x00007ffc2fc6c000 	C:\WINDOWS\System32\bcryptPrimitives.dll
0x00007ffc1aec0000 - 0x00007ffc1aecf000 	C:\Program Files\Eclipse Adoptium\jdk-21.0.8.9-hotspot\bin\instrument.dll
0x00007ffc22b30000 - 0x00007ffc22b4f000 	C:\Program Files\Eclipse Adoptium\jdk-21.0.8.9-hotspot\bin\java.dll
0x00007ffc30640000 - 0x00007ffc30dc8000 	C:\WINDOWS\System32\SHELL32.dll
0x00007ffc2ce40000 - 0x00007ffc2d6db000 	C:\WINDOWS\SYSTEM32\windows.storage.dll
0x00007ffc30400000 - 0x00007ffc304f9000 	C:\WINDOWS\System32\SHCORE.dll
0x00007ffc31d80000 - 0x00007ffc31de6000 	C:\WINDOWS\System32\shlwapi.dll
0x00007ffc2f2f0000 - 0x00007ffc2f319000 	C:\WINDOWS\SYSTEM32\profapi.dll
0x00007ffbe8710000 - 0x00007ffbe87e7000 	C:\Program Files\Eclipse Adoptium\jdk-21.0.8.9-hotspot\bin\jsvml.dll
0x00007ffc1b310000 - 0x00007ffc1b328000 	C:\Program Files\Eclipse Adoptium\jdk-21.0.8.9-hotspot\bin\zip.dll
0x00007ffc22c30000 - 0x00007ffc22c40000 	C:\Program Files\Eclipse Adoptium\jdk-21.0.8.9-hotspot\bin\net.dll
0x00007ffc227c0000 - 0x00007ffc228e8000 	C:\WINDOWS\SYSTEM32\WINHTTP.dll
0x00007ffc2e670000 - 0x00007ffc2e6dc000 	C:\WINDOWS\system32\mswsock.dll
0x00007ffc1b330000 - 0x00007ffc1b346000 	C:\Program Files\Eclipse Adoptium\jdk-21.0.8.9-hotspot\bin\nio.dll
0x00007ffc1b120000 - 0x00007ffc1b129000 	C:\Program Files\Eclipse Adoptium\jdk-21.0.8.9-hotspot\bin\extnet.dll
0x00007ffc2dad0000 - 0x00007ffc2dc28000 	C:\WINDOWS\SYSTEM32\DNSAPI.dll
0x00007ffc2e470000 - 0x00007ffc2e47d000 	C:\WINDOWS\SYSTEM32\DSPARSE.dll
0x00007ffc2da40000 - 0x00007ffc2da73000 	C:\WINDOWS\SYSTEM32\IPHLPAPI.DLL
0x00007ffc31fd0000 - 0x00007ffc31fda000 	C:\WINDOWS\System32\NSI.dll
0x00007ffc22110000 - 0x00007ffc2211b000 	C:\Windows\System32\rasadhlp.dll
0x00007ffc25240000 - 0x00007ffc252c6000 	C:\WINDOWS\System32\fwpuclnt.dll
0x00007ffc0a1b0000 - 0x00007ffc0a1be000 	C:\Program Files\Eclipse Adoptium\jdk-21.0.8.9-hotspot\bin\sunmscapi.dll
0x00007ffc2f560000 - 0x00007ffc2f6de000 	C:\WINDOWS\System32\CRYPT32.dll
0x00007ffc2eba0000 - 0x00007ffc2ebd0000 	C:\WINDOWS\SYSTEM32\ncrypt.dll
0x00007ffc2eb50000 - 0x00007ffc2eb8f000 	C:\WINDOWS\SYSTEM32\NTASN1.dll
0x00007ffc2e960000 - 0x00007ffc2e97b000 	C:\WINDOWS\SYSTEM32\CRYPTSP.dll
0x00007ffc2dff0000 - 0x00007ffc2e029000 	C:\WINDOWS\system32\rsaenh.dll
0x00007ffc2e720000 - 0x00007ffc2e752000 	C:\WINDOWS\SYSTEM32\USERENV.dll
0x00007ffc2f2c0000 - 0x00007ffc2f2ea000 	C:\WINDOWS\SYSTEM32\bcrypt.dll
0x00007ffc2e980000 - 0x00007ffc2e98c000 	C:\WINDOWS\SYSTEM32\CRYPTBASE.dll
0x00007ffc1b110000 - 0x00007ffc1b11a000 	C:\Program Files\Eclipse Adoptium\jdk-21.0.8.9-hotspot\bin\management.dll
0x00007ffc1aed0000 - 0x00007ffc1aedb000 	C:\Program Files\Eclipse Adoptium\jdk-21.0.8.9-hotspot\bin\management_ext.dll
0x00007ffc31d70000 - 0x00007ffc31d78000 	C:\WINDOWS\System32\PSAPI.DLL
0x00007ffc1b300000 - 0x00007ffc1b310000 	C:\Program Files\Eclipse Adoptium\jdk-21.0.8.9-hotspot\bin\verify.dll
0x00007ffc04640000 - 0x00007ffc04648000 	C:\WINDOWS\system32\wshunix.dll

JVMTI agents:
D:\Program Files\IntelliJ IDEA Community Edition 2025.2\lib\idea_rt.jar path:C:\Program Files\Eclipse Adoptium\jdk-21.0.8.9-hotspot\bin\instrument.dll, loaded, initialized, instrumentlib options:63707

dbghelp: loaded successfully - version: 4.0.5 - missing functions: none
symbol engine: initialized successfully - sym options: 0x614 - pdb path: .;C:\Program Files\Eclipse Adoptium\jdk-21.0.8.9-hotspot\bin;C:\WINDOWS\SYSTEM32;C:\WINDOWS\WinSxS\amd64_microsoft.windows.common-controls_6595b64144ccf1df_6.0.26100.8972_none_3e0da176e32f9d4b;C:\Program Files\Eclipse Adoptium\jdk-21.0.8.9-hotspot\bin\server

VM Arguments:
jvm_args: -javaagent:D:\Program Files\IntelliJ IDEA Community Edition 2025.2\lib\idea_rt.jar=63707 -Dfile.encoding=UTF-8 -Dsun.stdout.encoding=UTF-8 -Dsun.stderr.encoding=UTF-8 
java_command: com.fitness.userservice.UserserviceApplication
java_class_path (initial): D:\JAVA LANGUAGE\Intellij Java Projects\Smart Fit AI\userservice\target\classes;C:\Users\lokes\.m2\repository\org\springframework\boot\spring-boot-starter-validation\3.5.3\spring-boot-starter-validation-3.5.3.jar;C:\Users\lokes\.m2\repository\org\springframework\boot\spring-boot-starter\3.5.3\spring-boot-starter-3.5.3.jar;C:\Users\lokes\.m2\repository\org\springframework\boot\spring-boot\3.5.3\spring-boot-3.5.3.jar;C:\Users\lokes\.m2\repository\org\springframework\boot\spring-boot-autoconfigure\3.5.3\spring-boot-autoconfigure-3.5.3.jar;C:\Users\lokes\.m2\repository\org\springframework\boot\spring-boot-starter-logging\3.5.3\spring-boot-starter-logging-3.5.3.jar;C:\Users\lokes\.m2\repository\ch\qos\logback\logback-classic\1.5.18\logback-classic-1.5.18.jar;C:\Users\lokes\.m2\repository\ch\qos\logback\logback-core\1.5.18\logback-core-1.5.18.jar;C:\Users\lokes\.m2\repository\org\apache\logging\log4j\log4j-to-slf4j\2.24.3\log4j-to-slf4j-2.24.3.jar;C:\Users\lokes\.m2\repository\org\apache\logging\log4j\log4j-api\2.24.3\log4j-api-2.24.3.jar;C:\Users\lokes\.m2\repository\org\slf4j\jul-to-slf4j\2.0.17\jul-to-slf4j-2.0.17.jar;C:\Users\lokes\.m2\repository\jakarta\annotation\jakarta.annotation-api\2.1.1\jakarta.annotation-api-2.1.1.jar;C:\Users\lokes\.m2\repository\org\yaml\snakeyaml\2.4\snakeyaml-2.4.jar;C:\Users\lokes\.m2\repository\org\apache\tomcat\embed\tomcat-embed-el\10.1.42\tomcat-embed-el-10.1.42.jar;C:\Users\lokes\.m2\repository\org\hibernate\validator\hibernate-validator\8.0.2.Final\hibernate-validator-8.0.2.Final.jar;C:\Users\lokes\.m2\repository\jakarta\validation\jakarta.validation-api\3.0.2\jakarta.validation-api-3.0.2.jar;C:\Users\lokes\.m2\repository\org\jboss\logging\jboss-logging\3.6.1.Final\jboss-logging-3.6.1.Final.jar;C:\Users\lokes\.m2\repository\com\fasterxml\classmate\1.7.0\classmate-1.7.0.jar;C:\Users\lokes\.m2\repository\org\springframework\boot\spring-boot-starter-data-jpa\3.5.3\spring-boot-starter-data-jpa-3.5.3.jar;C:\Users\lokes\.m2\repository\org\springframework\boot\spring-boot-starter-jdbc\3.5.3\spring-boot-starter-jdbc-3.5.3.jar;C:\Users\lokes\.m2\repository\com\zaxxer\HikariCP\6.3.0\HikariCP-6.3.0.jar;C:\Users\lokes\.m2\repository\org\springframework\spring-jdbc\6.2.8\spring-jdbc-6.2.8.jar;C:\Users\lokes\.m2\repository\org\hibernate\orm\hibernate-core\6.6.18.Final\hibernate-core-6.6.18.Final.jar;C:\Users\lokes\.m2\repository\jakarta\persistence\jakarta.persistence-api\3.1.0\jakarta.persistence-api-3.1.0.jar;C:\Users\lokes\.m2\repository\jakarta\transaction\jakarta.transaction-api\2.0.1\jakarta.transaction-api-2.0.1.jar;C:\Users\lokes\.m2\repository\org\hibernate\common\hibernate-commons-annotations\7.0.3.Final\hibernate-commons-annotations-7.0.3.Final.jar;C:\Users\lokes\.m2\repository\io\smallrye\jandex\3.2.0\jandex-3.2.0.jar;C:\Users\lokes\.m2\repository\net\bytebuddy\byte-buddy\1.17.6\byte-buddy-1.17.6.jar;C:\Users\lokes\.m2\repository\org\glassfish\jaxb\jaxb-runtime\4.0.5\jaxb-runtime-4.0.5.jar;C:\Users\lokes\.m2\repository\org\glassfish\jaxb\jaxb-core\4.0.5\jaxb-core-4.0.5.jar;C:\Users\lokes\.m2\repository\org\eclipse\angus\angus-activation\2.0.2\angus-activation-2.0.2.jar;C:\Users\lokes\.m2\repository\org\glassfish\jaxb\txw2\4.0.5\txw2-4.0.5.jar;C:\Users\lokes\.m2\repository\com\sun\istack\istack-commons-runtime\4.1.2\istack-commons-runtime-4.1.2.jar;C:\Users\lokes\.m2\repository\jakarta\inject\jakarta.inject-api\2.0.1\jakarta.inject-api-2.0.1.jar;C:\Users\lokes\.m2\repository\org\antlr\antlr4-runtime\4.13.0\antlr4-runtime-4.13.0.jar;C:\Users\lokes\.m2\repository\org\springframework\data\spring-data-jpa\3.5.1\spring-data-jpa-3.5.1.jar;C:\Users\lokes\.m2\repository\org\springframework\data\spring-data-commons\3.5.1\spring-data-commons-3.5.1.jar;C:\Users\lokes\.m2\repository\org\springframework\spring-orm\6.2.8\spring-orm-6.2.8.jar;C:\Users\lokes\.m2\repository\org\springframework\spring-context\6.2.8\spring-context-6.2.8.jar;C:\Users\lokes\.m2\repository\org\springframework\spring-aop\6.2.8\spring-aop-6.2.8.jar;C:\Users\lokes\.m2\repository\org\springframework\spring-tx\6.2.8\spring-tx-6.2.8.jar;C:\Users\lokes\.m2\repository\org\springframework\spring-beans\6.2.8\spring-beans-6.2.8.jar;C:\Users\lokes\.m2\repository\org\slf4j\slf4j-api\2.0.17\slf4j-api-2.0.17.jar;C:\Users\lokes\.m2\repository\org\springframework\spring-aspects\6.2.8\spring-aspects-6.2.8.jar;C:\Users\lokes\.m2\repository\org\aspectj\aspectjweaver\1.9.24\aspectjweaver-1.9.24.jar;C:\Users\lokes\.m2\repository\org\springframework\boot\spring-boot-starter-web\3.5.3\spring-boot-starter-web-3.5.3.jar;C:\Users\lokes\.m2\repository\org\springframework\boot\spring-boot-starter-json\3.5.3\spring-boot-starter-json-3.5.3.jar;C:\Users\lokes\.m2\repository\com\fasterxml\jackson\datatype\jackson-datatype-jdk8\2.19.1\jackson-datatype-jdk8-2.19.1.jar;C:\Users\lokes\.m2\repository\com\fasterxml\jackson\datatype\jackson-datatype-jsr310\2.19.1\jackson-datatype-jsr310-2.19.1.jar;C:\Users\lokes\.m2\repository\com\fasterxml\jackson\module\jackson-module-parameter-names\2.19.1\jackson-module-parameter-names-2.19.1.jar;C:\Users\lokes\.m2\repository\org\springframework\boot\spring-boot-starter-tomcat\3.5.3\spring-boot-starter-tomcat-3.5.3.jar;C:\Users\lokes\.m2\repository\org\apache\tomcat\embed\tomcat-embed-core\10.1.42\tomcat-embed-core-10.1.42.jar;C:\Users\lokes\.m2\repository\org\apache\tomcat\embed\tomcat-embed-websocket\10.1.42\tomcat-embed-websocket-10.1.42.jar;C:\Users\lokes\.m2\repository\org\springframework\spring-web\6.2.8\spring-web-6.2.8.jar;C:\Users\lokes\.m2\repository\org\springframework\spring-webmvc\6.2.8\spring-webmvc-6.2.8.jar;C:\Users\lokes\.m2\repository\org\springframework\spring-expression\6.2.8\spring-expression-6.2.8.jar;C:\Users\lokes\.m2\repository\org\springdoc\springdoc-openapi-starter-webmvc-ui\2.8.5\springdoc-openapi-starter-webmvc-ui-2.8.5.jar;C:\Users\lokes\.m2\repository\org\springdoc\springdoc-openapi-starter-webmvc-api\2.8.5\springdoc-openapi-starter-webmvc-api-2.8.5.jar;C:\Users\lokes\.m2\repository\org\springdoc\springdoc-openapi-starter-common\2.8.5\springdoc-openapi-starter-common-2.8.5.jar;C:\Users\lokes\.m2\repository\io\swagger\core\v3\swagger-core-jakarta\2.2.28\swagger-core-jakarta-2.2.28.jar;C:\Users\lokes\.m2\repository\org\apache\commons\commons-lang3\3.17.0\commons-lang3-3.17.0.jar;C:\Users\lokes\.m2\repository\io\swagger\core\v3\swagger-annotations-jakarta\2.2.28\swagger-annotations-jakarta-2.2.28.jar;C:\Users\lokes\.m2\repository\io\swagger\core\v3\swagger-models-jakarta\2.2.28\swagger-models-jakarta-2.2.28.jar;C:\Users\lokes\.m2\repository\com\fasterxml\jackson\dataformat\jackson-dataformat-yaml\2.19.1\jackson-dataformat-yaml-2.19.1.jar;C:\Users\lokes\.m2\repository\org\webjars\swagger-ui\5.18.3\swagger-ui-5.18.3.jar;C:\Users\lokes\.m2\repository\org\webjars\webjars-locator-lite\1.1.0\webjars-locator-lite-1.1.0.jar;C:\Users\lokes\.m2\repository\org\jspecify\jspecify\1.0.0\jspecify-1.0.0.jar;C:\Users\lokes\.m2\repository\org\springframework\security\spring-security-crypto\6.5.1\spring-security-crypto-6.5.1.jar;C:\Users\lokes\.m2\repository\org\springframework\boot\spring-boot-starter-actuator\3.5.3\spring-boot-starter-actuator-3.5.3.jar;C:\Users\lokes\.m2\repository\org\springframework\boot\spring-boot-actuator-autoconfigure\3.5.3\spring-boot-actuator-autoconfigure-3.5.3.jar;C:\Users\lokes\.m2\repository\org\springframework\boot\spring-boot-actuator\3.5.3\spring-boot-actuator-3.5.3.jar;C:\Users\lokes\.m2\repository\io\micrometer\micrometer-observation\1.15.1\micrometer-observation-1.15.1.jar;C:\Users\lokes\.m2\repository\io\micrometer\micrometer-commons\1.15.1\micrometer-commons-1.15.1.jar;C:\Users\lokes\.m2\repository\io\micrometer\micrometer-jakarta9\1.15.1\micrometer-jakarta9-1.15.1.jar;C:\Users\lokes\.m2\repository\io\micrometer\micrometer-core\1.15.1\micrometer-core-1.15.1.jar;C:\Users\lokes\.m2\repository\org\hdrhistogram\HdrHistogram\2.2.2\HdrHistogram-2.2.2.jar;C:\Users\lokes\.m2\repository\org\latencyutils\LatencyUtils\2.0.3\LatencyUtils-2.0.3.jar;C:\Users\lokes\.m2\repository\org\postgresql\postgresql\42.7.7\postgresql-42.7.7.jar;C:\Users\lokes\.m2\repository\org\checkerframework\checker-qual\3.49.3\checker-qual-3.49.3.jar;C:\Users\lokes\.m2\repository\org\springframework\cloud\spring-cloud-starter-config\4.3.0\spring-cloud-starter-config-4.3.0.jar;C:\Users\lokes\.m2\repository\org\springframework\cloud\spring-cloud-starter\4.3.0\spring-cloud-starter-4.3.0.jar;C:\Users\lokes\.m2\repository\org\springframework\cloud\spring-cloud-context\4.3.0\spring-cloud-context-4.3.0.jar;C:\Users\lokes\.m2\repository\org\springframework\cloud\spring-cloud-commons\4.3.0\spring-cloud-commons-4.3.0.jar;C:\Users\lokes\.m2\repository\org\bouncycastle\bcprov-jdk18on\1.80\bcprov-jdk18on-1.80.jar;C:\Users\lokes\.m2\repository\org\springframework\cloud\spring-cloud-config-client\4.3.0\spring-cloud-config-client-4.3.0.jar;C:\Users\lokes\.m2\repository\com\fasterxml\jackson\core\jackson-annotations\2.19.1\jackson-annotations-2.19.1.jar;C:\Users\lokes\.m2\repository\org\apache\httpcomponents\client5\httpclient5\5.5\httpclient5-5.5.jar;C:\Users\lokes\.m2\repository\org\apache\httpcomponents\core5\httpcore5\5.3.4\httpcore5-5.3.4.jar;C:\Users\lokes\.m2\repository\org\apache\httpcomponents\core5\httpcore5-h2\5.3.4\httpcore5-h2-5.3.4.jar;C:\Users\lokes\.m2\repository\com\fasterxml\jackson\core\jackson-databind\2.19.1\jackson-databind-2.19.1.jar;C:\Users\lokes\.m2\repository\com\fasterxml\jackson\core\jackson-core\2.19.1\jackson-core-2.19.1.jar;C:\Users\lokes\.m2\repository\org\springframework\cloud\spring-cloud-starter-netflix-eureka-client\4.3.0\spring-cloud-starter-netflix-eureka-client-4.3.0.jar;C:\Users\lokes\.m2\repository\org\springframework\cloud\spring-cloud-netflix-eureka-client\4.3.0\spring-cloud-netflix-eureka-client-4.3.0.jar;C:\Users\lokes\.m2\repository\com\netflix\eureka\eureka-client\2.0.4\eureka-client-2.0.4.jar;C:\Users\lokes\.m2\repository\com\thoughtworks\xstream\xstream\1.4.20\xstream-1.4.20.jar;C:\Users\lokes\.m2\repository\io\github\x-stream\mxparser\1.2.2\mxparser-1.2.2.jar;C:\Users\lokes\.m2\repository\xmlpull\xmlpull\1.1.3.1\xmlpull-1.1.3.1.jar;C:\Users\lokes\.m2\repository\jakarta\ws\rs\jakarta.ws.rs-api\3.1.0\jakarta.ws.rs-api-3.1.0.jar;C:\Users\lokes\.m2\repository\com\netflix\spectator\spectator-api\1.7.3\spectator-api-1.7.3.jar;C:\Users\lokes\.m2\repository\org\apache\httpcomponents\httpclient\4.5.3\httpclient-4.5.3.jar;C:\Users\lokes\.m2\repository\org\apache\httpcomponents\httpcore\4.4.16\httpcore-4.4.16.jar;C:\Users\lokes\.m2\repository\commons-codec\commons-codec\1.18.0\commons-codec-1.18.0.jar;C:\Users\lokes\.m2\repository\commons-configuration\commons-configuration\1.10\commons-configuration-1.10.jar;C:\Users\lokes\.m2\repository\commons-lang\commons-lang\2.6\commons-lang-2.6.jar;C:\Users\lokes\.m2\repository\com\netflix\netflix-commons\netflix-eventbus\0.3.0\netflix-eventbus-0.3.0.jar;C:\Users\lokes\.m2\repository\com\netflix\netflix-commons\netflix-infix\0.3.0\netflix-infix-0.3.0.jar;C:\Users\lokes\.m2\repository\commons-jxpath\commons-jxpath\1.3\commons-jxpath-1.3.jar;C:\Users\lokes\.m2\repository\joda-time\joda-time\2.3\joda-time-2.3.jar;C:\Users\lokes\.m2\repository\org\antlr\antlr-runtime\3.4\antlr-runtime-3.4.jar;C:\Users\lokes\.m2\repository\org\antlr\stringtemplate\3.2.1\stringtemplate-3.2.1.jar;C:\Users\lokes\.m2\repository\antlr\antlr\2.7.7\antlr-2.7.7.jar;C:\Users\lokes\.m2\repository\com\google\guava\guava\14.0.1\guava-14.0.1.jar;C:\Users\lokes\.m2\repository\com\google\code\gson\gson\2.13.1\gson-2.13.1.jar;C:\Users\lokes\.m2\repository\com\google\errorprone\error_prone_annotations\2.38.0\error_prone_annotations-2.38.0.jar;C:\Users\lokes\.m2\repository\com\netflix\servo\servo-core\0.5.3\servo-core-0.5.3.jar;C:\Users\lokes\.m2\repository\org\apache\commons\commons-math\2.2\commons-math-2.2.jar;C:\Users\lokes\.m2\repository\javax\annotation\javax.annotation-api\1.2\javax.annotation-api-1.2.jar;C:\Users\lokes\.m2\repository\org\codehaus\jettison\jettison\1.5.4\jettison-1.5.4.jar;C:\Users\lokes\.m2\repository\org\springframework\cloud\spring-cloud-starter-loadbalancer\4.3.0\spring-cloud-starter-loadbalancer-4.3.0.jar;C:\Users\lokes\.m2\repository\org\springframework\cloud\spring-cloud-loadbalancer\4.3.0\spring-cloud-loadbalancer-4.3.0.jar;C:\Users\lokes\.m2\repository\io\projectreactor\reactor-core\3.7.7\reactor-core-3.7.7.jar;C:\Users\lokes\.m2\repository\org\reactivestreams\reactive-streams\1.0.4\reactive-streams-1.0.4.jar;C:\Users\lokes\.m2\repository\io\projectreactor\addons\reactor-extra\3.5.2\reactor-extra-3.5.2.jar;C:\Users\lokes\.m2\repository\org\springframework\boot\spring-boot-starter-cache\3.5.3\spring-boot-starter-cache-3.5.3.jar;C:\Users\lokes\.m2\repository\org\springframework\spring-context-support\6.2.8\spring-context-support-6.2.8.jar;C:\Users\lokes\.m2\repository\com\stoyanr\evictor\1.0.0\evictor-1.0.0.jar;C:\Users\lokes\.m2\repository\jakarta\xml\bind\jakarta.xml.bind-api\4.0.2\jakarta.xml.bind-api-4.0.2.jar;C:\Users\lokes\.m2\repository\jakarta\activation\jakarta.activation-api\2.1.3\jakarta.activation-api-2.1.3.jar;C:\Users\lokes\.m2\repository\org\springframework\spring-core\6.2.8\spring-core-6.2.8.jar;C:\Users\lokes\.m2\repository\org\springframework\spring-jcl\6.2.8\spring-jcl-6.2.8.jar
Launcher Type: SUN_STANDARD

[Global flags]
     intx CICompilerCount                          = 12                                        {product} {ergonomic}
     uint ConcGCThreads                            = 3                                         {product} {ergonomic}
     uint G1ConcRefinementThreads                  = 13                                        {product} {ergonomic}
   size_t G1HeapRegionSize                         = 1048576                                   {product} {ergonomic}
    uintx GCDrainStackTargetSize                   = 64                                        {product} {ergonomic}
   size_t InitialHeapSize                          = 130023424                                 {product} {ergonomic}
   size_t MarkStackSize                            = 4194304                                   {product} {ergonomic}
   size_t MaxHeapSize                              = 2061500416                                {product} {ergonomic}
   size_t MaxNewSize                               = 1236271104                                {product} {ergonomic}
   size_t MinHeapDeltaBytes                        = 1048576                                   {product} {ergonomic}
   size_t MinHeapSize                              = 8388608                                   {product} {ergonomic}
    uintx NonNMethodCodeHeapSize                   = 7602480                                {pd product} {ergonomic}
    uintx NonProfiledCodeHeapSize                  = 122027880                              {pd product} {ergonomic}
    uintx ProfiledCodeHeapSize                     = 122027880                              {pd product} {ergonomic}
    uintx ReservedCodeCacheSize                    = 251658240                              {pd product} {ergonomic}
     bool SegmentedCodeCache                       = true                                      {product} {ergonomic}
   size_t SoftMaxHeapSize                          = 2061500416                             {manageable} {ergonomic}
     bool UseCompressedOops                        = true                           {product lp64_product} {ergonomic}
     bool UseG1GC                                  = true                                      {product} {ergonomic}
     bool UseLargePagesIndividualAllocation        = false                                  {pd product} {ergonomic}

Logging:
Log output configuration:
 #0: stdout all=warning uptime,level,tags foldmultilines=false
 #1: stderr all=off uptime,level,tags foldmultilines=false

Environment Variables:
PATH=C:\Program Files\Common Files\Oracle\Java\javapath;C:\Program Files\Python313\Scripts\;C:\Program Files\Python313\;C:\Program Files\Eclipse Adoptium\jdk-21.0.8.9-hotspot\bin;C:\WINDOWS\system32;C:\WINDOWS;C:\WINDOWS\System32\Wbem;C:\WINDOWS\System32\WindowsPowerShell\v1.0\;C:\WINDOWS\System32\OpenSSH\;C:\Program Files\Git\cmd;D:\Program Files\nodejs\;C:\ProgramData\chocolatey\bin;D:\Program Files\CMake\bin;C:\ProgramData\chocolatey\lib\maven\apache-maven-3.9.16\bin;C:\Program Files\Docker\Docker\resources\bin;C:\Program Files\k6\;C:\Users\lokes\AppData\Local\Microsoft\WindowsApps;C:\Users\lokes\AppData\Roaming\npm;D:\Program Files\IntelliJ IDEA 2025.1.4.1\bin;D:\Program Files\IntelliJ IDEA Community Edition 2025.2\bin;D:\Program Files\Microsoft VS Code\bin;D:\Program Files\JetBrains\PyCharm 2025.2.3\bin;C:\Users\lokes\AppData\Local\PowerToys\DSCModules\;C:\Users\lokes\AppData\Local\JetBrains\Toolbox\scripts;
USERNAME=lokes
OS=Windows_NT
PROCESSOR_IDENTIFIER=Intel64 Family 6 Model 154 Stepping 3, GenuineIntel
TMP=C:\Users\lokes\AppData\Local\Temp
TEMP=C:\Users\lokes\AppData\Local\Temp




Periodic native trim disabled

---------------  S Y S T E M  ---------------

OS:
 Windows 11 , 64 bit Build 26100 (10.0.26100.9168)
OS uptime: 0 days 8:12 hours
Hyper-V role detected

CPU: total 16 (initial active 16) (8 cores per cpu, 2 threads per core) family 6 model 154 stepping 3 microcode 0x42c, cx8, cmov, fxsr, ht, mmx, 3dnowpref, sse, sse2, sse3, ssse3, sse4.1, sse4.2, popcnt, lzcnt, tsc, tscinvbit, avx, avx2, aes, erms, clmul, bmi1, bmi2, adx, sha, fma, vzeroupper, clflush, clflushopt, clwb, hv, serialize, rdtscp, rdpid, fsrm, f16c, cet_ibt, cet_ss
Processor Information for processor 0
  Max Mhz: 1700, Current Mhz: 1700, Mhz Limit: 1700
Processor Information for processor 1
  Max Mhz: 1700, Current Mhz: 1700, Mhz Limit: 1700
Processor Information for processor 2
  Max Mhz: 1700, Current Mhz: 1700, Mhz Limit: 1700
Processor Information for processor 3
  Max Mhz: 1700, Current Mhz: 1700, Mhz Limit: 1700
Processor Information for processor 4
  Max Mhz: 1700, Current Mhz: 1700, Mhz Limit: 1700
Processor Information for processor 5
  Max Mhz: 1700, Current Mhz: 1700, Mhz Limit: 1700
Processor Information for processor 6
  Max Mhz: 1700, Current Mhz: 1700, Mhz Limit: 1700
Processor Information for processor 7
  Max Mhz: 1700, Current Mhz: 1700, Mhz Limit: 1700
Processor Information for processor 8
  Max Mhz: 1700, Current Mhz: 1200, Mhz Limit: 1190
Processor Information for processor 9
  Max Mhz: 1700, Current Mhz: 1200, Mhz Limit: 1190
Processor Information for processor 10
  Max Mhz: 1700, Current Mhz: 1200, Mhz Limit: 1190
Processor Information for processor 11
  Max Mhz: 1700, Current Mhz: 1200, Mhz Limit: 1190
Processor Information for processor 12
  Max Mhz: 1700, Current Mhz: 1200, Mhz Limit: 1190
Processor Information for processor 13
  Max Mhz: 1700, Current Mhz: 1200, Mhz Limit: 1190
Processor Information for processor 14
  Max Mhz: 1700, Current Mhz: 1200, Mhz Limit: 1190
Processor Information for processor 15
  Max Mhz: 1700, Current Mhz: 1200, Mhz Limit: 1190

Memory: 4k page, system-wide physical 7860M (417M free)
TotalPageFile size 24933M (AvailPageFile size 15M)
current process WorkingSet (physical memory assigned to process): 69M, peak: 372M
current process commit charge ("private bytes"): 576M, peak: 730M

vm_info: OpenJDK 64-Bit Server VM (21.0.8+9-LTS) for windows-amd64 JRE (21.0.8+9-LTS), built on 2025-07-15T00:00:00Z by "admin" with MS VC++ 17.7 (VS2022)

END.
